startup_lpc802.c:247:6:data_init	8	static
startup_lpc802.c:256:6:bss_init	0	static
startup_lpc802.c:281:6:ResetISR	8	static
startup_lpc802.c:372:14:NMI_Handler	0	static
startup_lpc802.c:376:14:HardFault_Handler	0	static
startup_lpc802.c:380:14:SVC_Handler	0	static
startup_lpc802.c:384:14:PendSV_Handler	0	static
startup_lpc802.c:388:14:SysTick_Handler	0	static
startup_lpc802.c:396:14:IntDefaultHandler	0	static
startup_lpc802.c:406:14:SPI0_IRQHandler	8	static
startup_lpc802.c:410:14:Reserved17_IRQHandler	8	static
startup_lpc802.c:414:14:Reserved18_IRQHandler	8	static
startup_lpc802.c:418:14:USART0_IRQHandler	8	static
startup_lpc802.c:422:14:USART1_IRQHandler	8	static
startup_lpc802.c:426:14:Reserved21_IRQHandler	8	static
startup_lpc802.c:430:14:Reserved22_IRQHandler	8	static
startup_lpc802.c:434:14:Reserved23_IRQHandler	8	static
startup_lpc802.c:438:14:I2C0_IRQHandler	8	static
startup_lpc802.c:442:14:Reserved25_IRQHandler	8	static
startup_lpc802.c:446:14:MRT0_IRQHandler	8	static
startup_lpc802.c:450:14:CMP_IRQHandler	8	static
startup_lpc802.c:454:14:WDT_IRQHandler	8	static
startup_lpc802.c:458:14:BOD_IRQHandler	8	static
startup_lpc802.c:462:14:FLASH_IRQHandler	8	static
startup_lpc802.c:466:14:WKT_IRQHandler	8	static
startup_lpc802.c:470:14:ADC0_SEQA_IRQHandler	8	static
startup_lpc802.c:474:14:ADC0_SEQB_IRQHandler	8	static
startup_lpc802.c:478:14:ADC0_THCMP_IRQHandler	8	static
startup_lpc802.c:482:14:ADC0_OVR_IRQHandler	8	static
startup_lpc802.c:486:14:Reserved36_IRQHandler	8	static
startup_lpc802.c:490:14:Reserved37_IRQHandler	8	static
startup_lpc802.c:494:14:Reserved38_IRQHandler	8	static
startup_lpc802.c:498:14:CTIMER0_IRQHandler	8	static
startup_lpc802.c:502:14:PIN_INT0_IRQHandler	8	static
startup_lpc802.c:506:14:PIN_INT1_IRQHandler	8	static
startup_lpc802.c:510:14:PIN_INT2_IRQHandler	8	static
startup_lpc802.c:514:14:PIN_INT3_IRQHandler	8	static
startup_lpc802.c:518:14:PIN_INT4_IRQHandler	8	static
startup_lpc802.c:522:14:PIN_INT5_IRQHandler	8	static
startup_lpc802.c:526:14:PIN_INT6_IRQHandler	8	static
startup_lpc802.c:530:14:PIN_INT7_IRQHandler	8	static
