11:29:09 **** Incremental Build of configuration Debug for project Lab G ****
make -r -j12 all 
make: Nothing to be done for 'all'.
11:29:16 **** Incremental Build of configuration Debug for project Lab G ****
make -r -j12 all 
make: Nothing to be done for 'all'.
11:30:35 **** Incremental Build of configuration Debug for project Lab G ****
make -r -j12 all 
make: Nothing to be done for 'all'.
11:45:29 **** Clean-only build of configuration Debug for project LPC802_Project_part3 ****
make -r -j12 clean 
rm -rf  ./utilities/fsl_debug_console.o  ./startup/startup_lpc802.o  ./source/LPC802_Project_part3.o ./source/semihost_hardfault.o  ./drivers/fsl_clock.o ./drivers/fsl_common.o ./drivers/fsl_gpio.o ./drivers/fsl_power.o ./drivers/fsl_reset.o ./drivers/fsl_swm.o ./drivers/fsl_usart.o  ./device/system_LPC802.o  ./component/uart/miniusart_adapter.o  ./board/boards/board.o ./board/boards/clock_config.o ./board/boards/peripherals.o ./board/boards/pin_mux.o  ./utilities/fsl_debug_console.d  ./startup/startup_lpc802.d  ./source/LPC802_Project_part3.d ./source/semihost_hardfault.d  ./drivers/fsl_clock.d ./drivers/fsl_common.d ./drivers/fsl_gpio.d ./drivers/fsl_power.d ./drivers/fsl_reset.d ./drivers/fsl_swm.d ./drivers/fsl_usart.d  ./device/system_LPC802.d  ./component/uart/miniusart_adapter.d  ./board/boards/board.d ./board/boards/clock_config.d ./board/boards/peripherals.d ./board/boards/pin_mux.d  LPC802_Project_part3.axf
 
11:45:31 **** Build of configuration Debug for project LPC802_Project_part3 ****
make -r -j12 all 
Building file: ../utilities/fsl_debug_console.c
Building file: ../startup/startup_lpc802.c
Building file: ../source/LPC802_Project_part3.c
Building file: ../source/semihost_hardfault.c
Invoking: MCU C Compiler
Invoking: MCU C Compiler
arm-none-eabi-gcc -D__REDLIB__ -DCPU_LPC802M001JDH20 -DCPU_LPC802M001JDH20_cm0plus -DFSL_RTOS_BM -DSDK_OS_BAREMETAL -DSDK_DEBUGCONSOLE=0 -DCR_INTEGER_PRINTF -DPRINTF_FLOAT_ENABLE=0 -D__MCUXPRESSO -D__USE_CMSIS -DDEBUG -I../board -I../source -I../ -I../drivers -I../device -I../CMSIS -I../component/uart -I../utilities -I../board/boards -O0 -fno-common -g3 -Wall -c -ffunction-sections -fdata-sections -ffreestanding -fno-builtin -mcpu=cortex-m0plus -mthumb -D__REDLIB__ -fstack-usage -specs=redlib.specs -MMD -MP -MF"utilities/fsl_debug_console.d" -MT"utilities/fsl_debug_console.o" -MT"utilities/fsl_debug_console.d" -o "utilities/fsl_debug_console.o" "../utilities/fsl_debug_console.c"
Invoking: MCU C Compiler
Invoking: MCU C Compiler
Building file: ../drivers/fsl_clock.c
arm-none-eabi-gcc -D__REDLIB__ -DCPU_LPC802M001JDH20 -DCPU_LPC802M001JDH20_cm0plus -DFSL_RTOS_BM -DSDK_OS_BAREMETAL -DSDK_DEBUGCONSOLE=0 -DCR_INTEGER_PRINTF -DPRINTF_FLOAT_ENABLE=0 -D__MCUXPRESSO -D__USE_CMSIS -DDEBUG -I../board -I../source -I../ -I../drivers -I../device -I../CMSIS -I../component/uart -I../utilities -I../board/boards -O0 -fno-common -g3 -Wall -c -ffunction-sections -fdata-sections -ffreestanding -fno-builtin -mcpu=cortex-m0plus -mthumb -D__REDLIB__ -fstack-usage -specs=redlib.specs -MMD -MP -MF"startup/startup_lpc802.d" -MT"startup/startup_lpc802.o" -MT"startup/startup_lpc802.d" -o "startup/startup_lpc802.o" "../startup/startup_lpc802.c"
arm-none-eabi-gcc -D__REDLIB__ -DCPU_LPC802M001JDH20 -DCPU_LPC802M001JDH20_cm0plus -DFSL_RTOS_BM -DSDK_OS_BAREMETAL -DSDK_DEBUGCONSOLE=0 -DCR_INTEGER_PRINTF -DPRINTF_FLOAT_ENABLE=0 -D__MCUXPRESSO -D__USE_CMSIS -DDEBUG -I../board -I../source -I../ -I../drivers -I../device -I../CMSIS -I../component/uart -I../utilities -I../board/boards -O0 -fno-common -g3 -Wall -c -ffunction-sections -fdata-sections -ffreestanding -fno-builtin -mcpu=cortex-m0plus -mthumb -D__REDLIB__ -fstack-usage -specs=redlib.specs -MMD -MP -MF"source/LPC802_Project_part3.d" -MT"source/LPC802_Project_part3.o" -MT"source/LPC802_Project_part3.d" -o "source/LPC802_Project_part3.o" "../source/LPC802_Project_part3.c"
arm-none-eabi-gcc -D__REDLIB__ -DCPU_LPC802M001JDH20 -DCPU_LPC802M001JDH20_cm0plus -DFSL_RTOS_BM -DSDK_OS_BAREMETAL -DSDK_DEBUGCONSOLE=0 -DCR_INTEGER_PRINTF -DPRINTF_FLOAT_ENABLE=0 -D__MCUXPRESSO -D__USE_CMSIS -DDEBUG -I../board -I../source -I../ -I../drivers -I../device -I../CMSIS -I../component/uart -I../utilities -I../board/boards -O0 -fno-common -g3 -Wall -c -ffunction-sections -fdata-sections -ffreestanding -fno-builtin -mcpu=cortex-m0plus -mthumb -D__REDLIB__ -fstack-usage -specs=redlib.specs -MMD -MP -MF"source/semihost_hardfault.d" -MT"source/semihost_hardfault.o" -MT"source/semihost_hardfault.d" -o "source/semihost_hardfault.o" "../source/semihost_hardfault.c"
Invoking: MCU C Compiler
arm-none-eabi-gcc -D__REDLIB__ -DCPU_LPC802M001JDH20 -DCPU_LPC802M001JDH20_cm0plus -DFSL_RTOS_BM -DSDK_OS_BAREMETAL -DSDK_DEBUGCONSOLE=0 -DCR_INTEGER_PRINTF -DPRINTF_FLOAT_ENABLE=0 -D__MCUXPRESSO -D__USE_CMSIS -DDEBUG -I../board -I../source -I../ -I../drivers -I../device -I../CMSIS -I../component/uart -I../utilities -I../board/boards -O0 -fno-common -g3 -Wall -c -ffunction-sections -fdata-sections -ffreestanding -fno-builtin -mcpu=cortex-m0plus -mthumb -D__REDLIB__ -fstack-usage -specs=redlib.specs -MMD -MP -MF"drivers/fsl_clock.d" -MT"drivers/fsl_clock.o" -MT"drivers/fsl_clock.d" -o "drivers/fsl_clock.o" "../drivers/fsl_clock.c"
Building file: ../drivers/fsl_common.c
Building file: ../drivers/fsl_gpio.c
Building file: ../drivers/fsl_power.c
Invoking: MCU C Compiler
arm-none-eabi-gcc -D__REDLIB__ -DCPU_LPC802M001JDH20 -DCPU_LPC802M001JDH20_cm0plus -DFSL_RTOS_BM -DSDK_OS_BAREMETAL -DSDK_DEBUGCONSOLE=0 -DCR_INTEGER_PRINTF -DPRINTF_FLOAT_ENABLE=0 -D__MCUXPRESSO -D__USE_CMSIS -DDEBUG -I../board -I../source -I../ -I../drivers -I../device -I../CMSIS -I../component/uart -I../utilities -I../board/boards -O0 -fno-common -g3 -Wall -c -ffunction-sections -fdata-sections -ffreestanding -fno-builtin -mcpu=cortex-m0plus -mthumb -D__REDLIB__ -fstack-usage -specs=redlib.specs -MMD -MP -MF"drivers/fsl_common.d" -MT"drivers/fsl_common.o" -MT"drivers/fsl_common.d" -o "drivers/fsl_common.o" "../drivers/fsl_common.c"
Invoking: MCU C Compiler
Invoking: MCU C Compiler
arm-none-eabi-gcc -D__REDLIB__ -DCPU_LPC802M001JDH20 -DCPU_LPC802M001JDH20_cm0plus -DFSL_RTOS_BM -DSDK_OS_BAREMETAL -DSDK_DEBUGCONSOLE=0 -DCR_INTEGER_PRINTF -DPRINTF_FLOAT_ENABLE=0 -D__MCUXPRESSO -D__USE_CMSIS -DDEBUG -I../board -I../source -I../ -I../drivers -I../device -I../CMSIS -I../component/uart -I../utilities -I../board/boards -O0 -fno-common -g3 -Wall -c -ffunction-sections -fdata-sections -ffreestanding -fno-builtin -mcpu=cortex-m0plus -mthumb -D__REDLIB__ -fstack-usage -specs=redlib.specs -MMD -MP -MF"drivers/fsl_gpio.d" -MT"drivers/fsl_gpio.o" -MT"drivers/fsl_gpio.d" -o "drivers/fsl_gpio.o" "../drivers/fsl_gpio.c"
Building file: ../drivers/fsl_reset.c
arm-none-eabi-gcc -D__REDLIB__ -DCPU_LPC802M001JDH20 -DCPU_LPC802M001JDH20_cm0plus -DFSL_RTOS_BM -DSDK_OS_BAREMETAL -DSDK_DEBUGCONSOLE=0 -DCR_INTEGER_PRINTF -DPRINTF_FLOAT_ENABLE=0 -D__MCUXPRESSO -D__USE_CMSIS -DDEBUG -I../board -I../source -I../ -I../drivers -I../device -I../CMSIS -I../component/uart -I../utilities -I../board/boards -O0 -fno-common -g3 -Wall -c -ffunction-sections -fdata-sections -ffreestanding -fno-builtin -mcpu=cortex-m0plus -mthumb -D__REDLIB__ -fstack-usage -specs=redlib.specs -MMD -MP -MF"drivers/fsl_power.d" -MT"drivers/fsl_power.o" -MT"drivers/fsl_power.d" -o "drivers/fsl_power.o" "../drivers/fsl_power.c"
Invoking: MCU C Compiler
Building file: ../drivers/fsl_swm.c
arm-none-eabi-gcc -D__REDLIB__ -DCPU_LPC802M001JDH20 -DCPU_LPC802M001JDH20_cm0plus -DFSL_RTOS_BM -DSDK_OS_BAREMETAL -DSDK_DEBUGCONSOLE=0 -DCR_INTEGER_PRINTF -DPRINTF_FLOAT_ENABLE=0 -D__MCUXPRESSO -D__USE_CMSIS -DDEBUG -I../board -I../source -I../ -I../drivers -I../device -I../CMSIS -I../component/uart -I../utilities -I../board/boards -O0 -fno-common -g3 -Wall -c -ffunction-sections -fdata-sections -ffreestanding -fno-builtin -mcpu=cortex-m0plus -mthumb -D__REDLIB__ -fstack-usage -specs=redlib.specs -MMD -MP -MF"drivers/fsl_reset.d" -MT"drivers/fsl_reset.o" -MT"drivers/fsl_reset.d" -o "drivers/fsl_reset.o" "../drivers/fsl_reset.c"
Building file: ../drivers/fsl_usart.c
Building file: ../device/system_LPC802.c
Invoking: MCU C Compiler
arm-none-eabi-gcc -D__REDLIB__ -DCPU_LPC802M001JDH20 -DCPU_LPC802M001JDH20_cm0plus -DFSL_RTOS_BM -DSDK_OS_BAREMETAL -DSDK_DEBUGCONSOLE=0 -DCR_INTEGER_PRINTF -DPRINTF_FLOAT_ENABLE=0 -D__MCUXPRESSO -D__USE_CMSIS -DDEBUG -I../board -I../source -I../ -I../drivers -I../device -I../CMSIS -I../component/uart -I../utilities -I../board/boards -O0 -fno-common -g3 -Wall -c -ffunction-sections -fdata-sections -ffreestanding -fno-builtin -mcpu=cortex-m0plus -mthumb -D__REDLIB__ -fstack-usage -specs=redlib.specs -MMD -MP -MF"drivers/fsl_swm.d" -MT"drivers/fsl_swm.o" -MT"drivers/fsl_swm.d" -o "drivers/fsl_swm.o" "../drivers/fsl_swm.c"
Invoking: MCU C Compiler
arm-none-eabi-gcc -D__REDLIB__ -DCPU_LPC802M001JDH20 -DCPU_LPC802M001JDH20_cm0plus -DFSL_RTOS_BM -DSDK_OS_BAREMETAL -DSDK_DEBUGCONSOLE=0 -DCR_INTEGER_PRINTF -DPRINTF_FLOAT_ENABLE=0 -D__MCUXPRESSO -D__USE_CMSIS -DDEBUG -I../board -I../source -I../ -I../drivers -I../device -I../CMSIS -I../component/uart -I../utilities -I../board/boards -O0 -fno-common -g3 -Wall -c -ffunction-sections -fdata-sections -ffreestanding -fno-builtin -mcpu=cortex-m0plus -mthumb -D__REDLIB__ -fstack-usage -specs=redlib.specs -MMD -MP -MF"drivers/fsl_usart.d" -MT"drivers/fsl_usart.o" -MT"drivers/fsl_usart.d" -o "drivers/fsl_usart.o" "../drivers/fsl_usart.c"
Invoking: MCU C Compiler
arm-none-eabi-gcc -D__REDLIB__ -DCPU_LPC802M001JDH20 -DCPU_LPC802M001JDH20_cm0plus -DFSL_RTOS_BM -DSDK_OS_BAREMETAL -DSDK_DEBUGCONSOLE=0 -DCR_INTEGER_PRINTF -DPRINTF_FLOAT_ENABLE=0 -D__MCUXPRESSO -D__USE_CMSIS -DDEBUG -I../board -I../source -I../ -I../drivers -I../device -I../CMSIS -I../component/uart -I../utilities -I../board/boards -O0 -fno-common -g3 -Wall -c -ffunction-sections -fdata-sections -ffreestanding -fno-builtin -mcpu=cortex-m0plus -mthumb -D__REDLIB__ -fstack-usage -specs=redlib.specs -MMD -MP -MF"device/system_LPC802.d" -MT"device/system_LPC802.o" -MT"device/system_LPC802.d" -o "device/system_LPC802.o" "../device/system_LPC802.c"
Finished building: ../source/semihost_hardfault.c
Finished building: ../startup/startup_lpc802.c
 
 
Building file: ../component/uart/miniusart_adapter.c
Building file: ../board/boards/board.c
Invoking: MCU C Compiler
arm-none-eabi-gcc -D__REDLIB__ -DCPU_LPC802M001JDH20 -DCPU_LPC802M001JDH20_cm0plus -DFSL_RTOS_BM -DSDK_OS_BAREMETAL -DSDK_DEBUGCONSOLE=0 -DCR_INTEGER_PRINTF -DPRINTF_FLOAT_ENABLE=0 -D__MCUXPRESSO -D__USE_CMSIS -DDEBUG -I../board -I../source -I../ -I../drivers -I../device -I../CMSIS -I../component/uart -I../utilities -I../board/boards -O0 -fno-common -g3 -Wall -c -ffunction-sections -fdata-sections -ffreestanding -fno-builtin -mcpu=cortex-m0plus -mthumb -D__REDLIB__ -fstack-usage -specs=redlib.specs -MMD -MP -MF"component/uart/miniusart_adapter.d" -MT"component/uart/miniusart_adapter.o" -MT"component/uart/miniusart_adapter.d" -o "component/uart/miniusart_adapter.o" "../component/uart/miniusart_adapter.c"
Invoking: MCU C Compiler
arm-none-eabi-gcc -D__REDLIB__ -DCPU_LPC802M001JDH20 -DCPU_LPC802M001JDH20_cm0plus -DFSL_RTOS_BM -DSDK_OS_BAREMETAL -DSDK_DEBUGCONSOLE=0 -DCR_INTEGER_PRINTF -DPRINTF_FLOAT_ENABLE=0 -D__MCUXPRESSO -D__USE_CMSIS -DDEBUG -I../board -I../source -I../ -I../drivers -I../device -I../CMSIS -I../component/uart -I../utilities -I../board/boards -O0 -fno-common -g3 -Wall -c -ffunction-sections -fdata-sections -ffreestanding -fno-builtin -mcpu=cortex-m0plus -mthumb -D__REDLIB__ -fstack-usage -specs=redlib.specs -MMD -MP -MF"board/boards/board.d" -MT"board/boards/board.o" -MT"board/boards/board.d" -o "board/boards/board.o" "../board/boards/board.c"
Finished building: ../source/LPC802_Project_part3.c
Finished building: ../drivers/fsl_common.c
Finished building: ../drivers/fsl_power.c
Finished building: ../utilities/fsl_debug_console.c
 
Finished building: ../drivers/fsl_clock.c
Finished building: ../drivers/fsl_gpio.c
Finished building: ../device/system_LPC802.c
 
Finished building: ../drivers/fsl_swm.c
 
Finished building: ../drivers/fsl_reset.c
 
 
Finished building: ../drivers/fsl_usart.c
 
 
 
 
Building file: ../board/boards/clock_config.c
 
Building file: ../board/boards/peripherals.c
Building file: ../board/boards/pin_mux.c
Invoking: MCU C Compiler
arm-none-eabi-gcc -D__REDLIB__ -DCPU_LPC802M001JDH20 -DCPU_LPC802M001JDH20_cm0plus -DFSL_RTOS_BM -DSDK_OS_BAREMETAL -DSDK_DEBUGCONSOLE=0 -DCR_INTEGER_PRINTF -DPRINTF_FLOAT_ENABLE=0 -D__MCUXPRESSO -D__USE_CMSIS -DDEBUG -I../board -I../source -I../ -I../drivers -I../device -I../CMSIS -I../component/uart -I../utilities -I../board/boards -O0 -fno-common -g3 -Wall -c -ffunction-sections -fdata-sections -ffreestanding -fno-builtin -mcpu=cortex-m0plus -mthumb -D__REDLIB__ -fstack-usage -specs=redlib.specs -MMD -MP -MF"board/boards/clock_config.d" -MT"board/boards/clock_config.o" -MT"board/boards/clock_config.d" -o "board/boards/clock_config.o" "../board/boards/clock_config.c"
Invoking: MCU C Compiler
arm-none-eabi-gcc -D__REDLIB__ -DCPU_LPC802M001JDH20 -DCPU_LPC802M001JDH20_cm0plus -DFSL_RTOS_BM -DSDK_OS_BAREMETAL -DSDK_DEBUGCONSOLE=0 -DCR_INTEGER_PRINTF -DPRINTF_FLOAT_ENABLE=0 -D__MCUXPRESSO -D__USE_CMSIS -DDEBUG -I../board -I../source -I../ -I../drivers -I../device -I../CMSIS -I../component/uart -I../utilities -I../board/boards -O0 -fno-common -g3 -Wall -c -ffunction-sections -fdata-sections -ffreestanding -fno-builtin -mcpu=cortex-m0plus -mthumb -D__REDLIB__ -fstack-usage -specs=redlib.specs -MMD -MP -MF"board/boards/peripherals.d" -MT"board/boards/peripherals.o" -MT"board/boards/peripherals.d" -o "board/boards/peripherals.o" "../board/boards/peripherals.c"
Invoking: MCU C Compiler
arm-none-eabi-gcc -D__REDLIB__ -DCPU_LPC802M001JDH20 -DCPU_LPC802M001JDH20_cm0plus -DFSL_RTOS_BM -DSDK_OS_BAREMETAL -DSDK_DEBUGCONSOLE=0 -DCR_INTEGER_PRINTF -DPRINTF_FLOAT_ENABLE=0 -D__MCUXPRESSO -D__USE_CMSIS -DDEBUG -I../board -I../source -I../ -I../drivers -I../device -I../CMSIS -I../component/uart -I../utilities -I../board/boards -O0 -fno-common -g3 -Wall -c -ffunction-sections -fdata-sections -ffreestanding -fno-builtin -mcpu=cortex-m0plus -mthumb -D__REDLIB__ -fstack-usage -specs=redlib.specs -MMD -MP -MF"board/boards/pin_mux.d" -MT"board/boards/pin_mux.o" -MT"board/boards/pin_mux.d" -o "board/boards/pin_mux.o" "../board/boards/pin_mux.c"
Finished building: ../board/boards/peripherals.c
 
Finished building: ../component/uart/miniusart_adapter.c
Finished building: ../board/boards/board.c
 
 
Finished building: ../board/boards/clock_config.c
 
Finished building: ../board/boards/pin_mux.c
 
Building target: LPC802_Project_part3.axf
Invoking: MCU Linker
arm-none-eabi-gcc -nostdlib -Xlinker -Map="LPC802_Project_part3.map" -Xlinker --gc-sections -Xlinker -print-memory-usage -Xlinker --sort-section=alignment -Xlinker --cref -mcpu=cortex-m0plus -mthumb -T LPC802_Project_part3_Debug.ld -o "LPC802_Project_part3.axf"  ./utilities/fsl_debug_console.o  ./startup/startup_lpc802.o  ./source/LPC802_Project_part3.o ./source/semihost_hardfault.o  ./drivers/fsl_clock.o ./drivers/fsl_common.o ./drivers/fsl_gpio.o ./drivers/fsl_power.o ./drivers/fsl_reset.o ./drivers/fsl_swm.o ./drivers/fsl_usart.o  ./device/system_LPC802.o  ./component/uart/miniusart_adapter.o  ./board/boards/board.o ./board/boards/clock_config.o ./board/boards/peripherals.o ./board/boards/pin_mux.o   
Memory region         Used Size  Region Size  %age Used
   PROGRAM_FLASH:        2260 B      16256 B     13.90%
      BOOT_FLASH:          0 GB        128 B      0.00%
            SRAM:         456 B         2 KB     22.27%
Finished building target: LPC802_Project_part3.axf
 
C:/nxp/MCUXpressoIDE_11.0.1_2563/ide/plugins/com.nxp.mcuxpresso.tools.win32_11.0.1.201907311258/buildtools/bin/make --no-print-directory post-build
Performing post-build steps
arm-none-eabi-size "LPC802_Project_part3.axf"; # arm-none-eabi-objcopy -v -O binary "LPC802_Project_part3.axf" "LPC802_Project_part3.bin" ; # checksum -p LPC802 -d "LPC802_Project_part3.bin";
   text	   data	    bss	    dec	    hex	filename
   2256	      4	    452	   2712	    a98	LPC802_Project_part3.axf
 
11:46:18 **** Incremental Build of configuration Debug for project Lab G ****
make -r -j12 all 
Building file: ../source/Lab G.c
Invoking: MCU C Compiler
arm-none-eabi-gcc -D__REDLIB__ -DCPU_LPC802M001JDH20 -DCPU_LPC802M001JDH20_cm0plus -DFSL_RTOS_BM -DSDK_OS_BAREMETAL -DSDK_DEBUGCONSOLE=0 -DCR_INTEGER_PRINTF -DPRINTF_FLOAT_ENABLE=0 -D__MCUXPRESSO -D__USE_CMSIS -DDEBUG -I../board -I../source -I../ -I../drivers -I../device -I../CMSIS -I../component/uart -I../utilities -I../board/boards -O0 -fno-common -g3 -Wall -c -ffunction-sections -fdata-sections -ffreestanding -fno-builtin -mcpu=cortex-m0plus -mthumb -D__REDLIB__ -fstack-usage -specs=redlib.specs -MMD -MP -MF"source/Lab G.d" -MT"source/Lab\ G.d" -o "source/Lab G.o" "../source/Lab G.c"
Finished building: ../source/Lab G.c
 
Building target: Lab G.axf
Invoking: MCU Linker
arm-none-eabi-gcc -nostdlib -Xlinker -Map="Lab G.map" -Xlinker --gc-sections -Xlinker -print-memory-usage -Xlinker --sort-section=alignment -Xlinker --cref -mcpu=cortex-m0plus -mthumb -T Lab_G_Debug.ld -o "Lab G.axf"  ./utilities/fsl_debug_console.o  ./startup/startup_lpc802.o  ./source/Lab\ G.o  ./drivers/fsl_clock.o ./drivers/fsl_common.o ./drivers/fsl_gpio.o ./drivers/fsl_power.o ./drivers/fsl_reset.o ./drivers/fsl_swm.o ./drivers/fsl_usart.o  ./device/system_LPC802.o  ./component/uart/miniusart_adapter.o  ./board/boards/board.o ./board/boards/clock_config.o ./board/boards/peripherals.o ./board/boards/pin_mux.o   
Memory region         Used Size  Region Size  %age Used
   PROGRAM_FLASH:        4068 B      16256 B     25.02%
      BOOT_FLASH:          0 GB        128 B      0.00%
            SRAM:         472 B         2 KB     23.05%
Finished building target: Lab G.axf
 
C:/nxp/MCUXpressoIDE_11.0.1_2563/ide/plugins/com.nxp.mcuxpresso.tools.win32_11.0.1.201907311258/buildtools/bin/make --no-print-directory post-build
Performing post-build steps
arm-none-eabi-size "Lab G.axf"; # arm-none-eabi-objcopy -v -O binary "Lab G.axf" "Lab G.bin" ; # checksum -p LPC802 -d "Lab G.bin";
   text	   data	    bss	    dec	    hex	filename
   4064	      4	    468	   4536	   11b8	Lab G.axf
 
11:48:02 **** Incremental Build of configuration Debug for project Lab G ****
make -r -j12 all 
Building file: ../source/Lab G.c
Invoking: MCU C Compiler
arm-none-eabi-gcc -D__REDLIB__ -DCPU_LPC802M001JDH20 -DCPU_LPC802M001JDH20_cm0plus -DFSL_RTOS_BM -DSDK_OS_BAREMETAL -DSDK_DEBUGCONSOLE=0 -DCR_INTEGER_PRINTF -DPRINTF_FLOAT_ENABLE=0 -D__MCUXPRESSO -D__USE_CMSIS -DDEBUG -I../board -I../source -I../ -I../drivers -I../device -I../CMSIS -I../component/uart -I../utilities -I../board/boards -O0 -fno-common -g3 -Wall -c -ffunction-sections -fdata-sections -ffreestanding -fno-builtin -mcpu=cortex-m0plus -mthumb -D__REDLIB__ -fstack-usage -specs=redlib.specs -MMD -MP -MF"source/Lab G.d" -MT"source/Lab\ G.d" -o "source/Lab G.o" "../source/Lab G.c"
Finished building: ../source/Lab G.c
 
Building target: Lab G.axf
Invoking: MCU Linker
arm-none-eabi-gcc -nostdlib -Xlinker -Map="Lab G.map" -Xlinker --gc-sections -Xlinker -print-memory-usage -Xlinker --sort-section=alignment -Xlinker --cref -mcpu=cortex-m0plus -mthumb -T Lab_G_Debug.ld -o "Lab G.axf"  ./utilities/fsl_debug_console.o  ./startup/startup_lpc802.o  ./source/Lab\ G.o  ./drivers/fsl_clock.o ./drivers/fsl_common.o ./drivers/fsl_gpio.o ./drivers/fsl_power.o ./drivers/fsl_reset.o ./drivers/fsl_swm.o ./drivers/fsl_usart.o  ./device/system_LPC802.o  ./component/uart/miniusart_adapter.o  ./board/boards/board.o ./board/boards/clock_config.o ./board/boards/peripherals.o ./board/boards/pin_mux.o   
Memory region         Used Size  Region Size  %age Used
   PROGRAM_FLASH:        4068 B      16256 B     25.02%
      BOOT_FLASH:          0 GB        128 B      0.00%
            SRAM:         472 B         2 KB     23.05%
Finished building target: Lab G.axf
 
C:/nxp/MCUXpressoIDE_11.0.1_2563/ide/plugins/com.nxp.mcuxpresso.tools.win32_11.0.1.201907311258/buildtools/bin/make --no-print-directory post-build
Performing post-build steps
arm-none-eabi-size "Lab G.axf"; # arm-none-eabi-objcopy -v -O binary "Lab G.axf" "Lab G.bin" ; # checksum -p LPC802 -d "Lab G.bin";
   text	   data	    bss	    dec	    hex	filename
   4064	      4	    468	   4536	   11b8	Lab G.axf
 
11:53:50 **** Clean-only build of configuration Debug for project Lab G - slides ****
make -r -j12 clean 
rm -rf  ./utilities/fsl_debug_console.o  ./startup/startup_lpc802.o  ./source/Lab\ G.o  ./drivers/fsl_clock.o ./drivers/fsl_common.o ./drivers/fsl_gpio.o ./drivers/fsl_power.o ./drivers/fsl_reset.o ./drivers/fsl_swm.o ./drivers/fsl_usart.o  ./device/system_LPC802.o  ./component/uart/miniusart_adapter.o  ./board/boards/board.o ./board/boards/clock_config.o ./board/boards/peripherals.o ./board/boards/pin_mux.o  ./utilities/fsl_debug_console.d  ./startup/startup_lpc802.d  ./source/Lab\ G.d  ./drivers/fsl_clock.d ./drivers/fsl_common.d ./drivers/fsl_gpio.d ./drivers/fsl_power.d ./drivers/fsl_reset.d ./drivers/fsl_swm.d ./drivers/fsl_usart.d  ./device/system_LPC802.d  ./component/uart/miniusart_adapter.d  ./board/boards/board.d ./board/boards/clock_config.d ./board/boards/peripherals.d ./board/boards/pin_mux.d  "Lab G.axf"
 
11:53:51 **** Build of configuration Debug for project Lab G - slides ****
make -r -j12 all 
Building file: ../utilities/fsl_debug_console.c
Building file: ../startup/startup_lpc802.c
Building file: ../source/Lab G.c
Building file: ../drivers/fsl_clock.c
Invoking: MCU C Compiler
Invoking: MCU C Compiler
arm-none-eabi-gcc -D__REDLIB__ -DCPU_LPC802M001JDH20 -DCPU_LPC802M001JDH20_cm0plus -DFSL_RTOS_BM -DSDK_OS_BAREMETAL -DSDK_DEBUGCONSOLE=0 -DCR_INTEGER_PRINTF -DPRINTF_FLOAT_ENABLE=0 -D__MCUXPRESSO -D__USE_CMSIS -DDEBUG -I../board -I../source -I../ -I../drivers -I../device -I../CMSIS -I../component/uart -I../utilities -I../board/boards -O0 -fno-common -g3 -Wall -c -ffunction-sections -fdata-sections -ffreestanding -fno-builtin -mcpu=cortex-m0plus -mthumb -D__REDLIB__ -fstack-usage -specs=redlib.specs -MMD -MP -MF"utilities/fsl_debug_console.d" -MT"utilities/fsl_debug_console.o" -MT"utilities/fsl_debug_console.d" -o "utilities/fsl_debug_console.o" "../utilities/fsl_debug_console.c"
Invoking: MCU C Compiler
arm-none-eabi-gcc -D__REDLIB__ -DCPU_LPC802M001JDH20 -DCPU_LPC802M001JDH20_cm0plus -DFSL_RTOS_BM -DSDK_OS_BAREMETAL -DSDK_DEBUGCONSOLE=0 -DCR_INTEGER_PRINTF -DPRINTF_FLOAT_ENABLE=0 -D__MCUXPRESSO -D__USE_CMSIS -DDEBUG -I../board -I../source -I../ -I../drivers -I../device -I../CMSIS -I../component/uart -I../utilities -I../board/boards -O0 -fno-common -g3 -Wall -c -ffunction-sections -fdata-sections -ffreestanding -fno-builtin -mcpu=cortex-m0plus -mthumb -D__REDLIB__ -fstack-usage -specs=redlib.specs -MMD -MPInvoking: MCU C Compiler
 -MF"startup/startup_lpc802.d" -MT"startup/startup_lpc802.o" -MT"startup/startup_lpc802.d" -o "startup/startup_lpc802.o" "../startup/startup_lpc802.c"
Building file: ../drivers/fsl_common.c
arm-none-eabi-gcc -D__REDLIB__ -DCPU_LPC802M001JDH20 -DCPU_LPC802M001JDH20_cm0plus -DFSL_RTOS_BM -DSDK_OS_BAREMETAL -DSDK_DEBUGCONSOLE=0 -DCR_INTEGER_PRINTF -DPRINTF_FLOAT_ENABLE=0 -D__MCUXPRESSO -D__USE_CMSIS -DDEBUG -I../board -I../source -I../ -I../drivers -I../device -I../CMSIS -I../component/uart -I../utilities -I../board/boards -O0 -fno-common -g3 -Wall -c -ffunction-sections -fdata-sections -ffreestanding -fno-builtin -mcpu=cortex-m0plus -mthumb -D__REDLIB__ -fstack-usage -specs=redlib.specs -MMD -MP -MF"source/Lab G.d" -MT"source/Lab\ G.d" -o "source/Lab G.o" "../source/Lab G.c"
arm-none-eabi-gcc -D__REDLIB__ -DCPU_LPC802M001JDH20 -DCPU_LPC802M001JDH20_cm0plus -DFSL_RTOS_BM -DSDK_OS_BAREMETAL -DSDK_DEBUGCONSOLE=0 -DCR_INTEGER_PRINTF -DPRINTF_FLOAT_ENABLE=0 -D__MCUXPRESSO -D__USE_CMSIS -DDEBUG -I../board -I../source -I../ -I../drivers -I../device -I../CMSIS -I../component/uart -I../utilities -I../board/boards -O0 -fno-common -g3 -Wall -c -ffunction-sections -fdata-sections -ffreestanding -fno-builtin -mcpu=cortex-m0plus -mthumb -D__REDLIB__ -fstack-usage -specs=redlib.specs -MMD -MP -MF"drivers/fsl_clock.d" -MT"drivers/fsl_clock.o" -MT"drivers/fsl_clock.d" -o "drivers/fsl_clock.o" "../drivers/fsl_clock.c"
Invoking: MCU C Compiler
Building file: ../drivers/fsl_gpio.c
arm-none-eabi-gcc -D__REDLIB__ -DCPU_LPC802M001JDH20 -DCPU_LPC802M001JDH20_cm0plus -DFSL_RTOS_BM -DSDK_OS_BAREMETAL -DSDK_DEBUGCONSOLE=0 -DCR_INTEGER_PRINTF -DPRINTF_FLOAT_ENABLE=0 -D__MCUXPRESSO -D__USE_CMSIS -DDEBUG -I../board -I../source -I../ -I../drivers -I../device -I../CMSIS -I../component/uart -I../utilities -I../board/boards -O0 -fno-common -g3 -Wall -c -ffunction-sections -fdata-sections -ffreestanding -fno-builtin -mcpu=cortex-m0plus -mthumb -D__REDLIB__ -fstack-usage -specs=redlib.specs -MMD -MP -MF"drivers/fsl_common.d" -MT"drivers/fsl_common.o" -MT"drivers/fsl_common.d" -o "drivers/fsl_common.o" "../drivers/fsl_common.c"
Building file: ../drivers/fsl_power.c
Building file: ../drivers/fsl_reset.c
Building file: ../drivers/fsl_swm.c
Invoking: MCU C Compiler
arm-none-eabi-gcc -D__REDLIB__ -DCPU_LPC802M001JDH20 -DCPU_LPC802M001JDH20_cm0plus -DFSL_RTOS_BM -DSDK_OS_BAREMETAL -DSDK_DEBUGCONSOLE=0 -DCR_INTEGER_PRINTF -DPRINTF_FLOAT_ENABLE=0 -D__MCUXPRESSO -D__USE_CMSIS -DDEBUG -I../board -I../source -I../ -I../drivers -I../device -I../CMSIS -I../component/uart -I../utilities -I../board/boards -O0 -fno-common -g3 -Wall -c -ffunction-sections -fdata-sections -ffreestanding -fno-builtin -mcpu=cortex-m0plus -mthumb -D__REDLIB__ -fstack-usage -specs=redlib.specs -MMD -MP -MF"drivers/fsl_gpio.d" -MT"drivers/fsl_gpio.o" -MT"drivers/fsl_gpio.d" -o "drivers/fsl_gpio.o" "../drivers/fsl_gpio.c"
Invoking: MCU C Compiler
Invoking: MCU C Compiler
arm-none-eabi-gcc -D__REDLIB__ -DCPU_LPC802M001JDH20 -DCPU_LPC802M001JDH20_cm0plus -DFSL_RTOS_BM -DSDK_OS_BAREMETAL -DSDK_DEBUGCONSOLE=0 -DCR_INTEGER_PRINTF -DPRINTF_FLOAT_ENABLE=0 -D__MCUXPRESSO -D__USE_CMSIS -DDEBUG -I../board -I../source -I../ -I../drivers -I../device -I../CMSIS -I../component/uart -I../utilities -I../board/boards -O0 -fno-common -g3 -Wall -c -ffunction-sections -fdata-sections -ffreestanding -fno-builtin -mcpu=cortex-m0plus -mthumb -D__REDLIB__ -fstack-usage -specs=redlib.specs -MMD -MP -MF"drivers/fsl_power.d" -MT"drivers/fsl_power.o" -MT"drivers/fsl_power.d" -o "drivers/fsl_power.o" "../drivers/fsl_power.c"
Invoking: MCU C Compiler
arm-none-eabi-gcc -D__REDLIB__ -DCPU_LPC802M001JDH20 -DCPU_LPC802M001JDH20_cm0plus -DFSL_RTOS_BM -DSDK_OS_BAREMETAL -DSDK_DEBUGCONSOLE=0 -DCR_INTEGER_PRINTF -DPRINTF_FLOAT_ENABLE=0 -D__MCUXPRESSO -D__USE_CMSIS -DDEBUG -I../board -I../source -I../ -I../drivers -I../device -I../CMSIS -I../component/uart -I../utilities -I../board/boards -O0 -fno-common -g3 -Wall -c -ffunction-sections -fdata-sections -ffreestanding -fno-builtin -mcpu=cortex-m0plus -mthumb -D__REDLIB__ -fstack-usage -specs=redlib.specs -MMD -MP -MF"drivers/fsl_reset.d" -MT"drivers/fsl_reset.o" -MT"drivers/fsl_reset.d" -o "drivers/fsl_reset.o" "../drivers/fsl_reset.c"
arm-none-eabi-gcc -D__REDLIB__ -DCPU_LPC802M001JDH20 -DCPU_LPC802M001JDH20_cm0plus -DFSL_RTOS_BM -DSDK_OS_BAREMETAL -DSDK_DEBUGCONSOLE=0 -DCR_INTEGER_PRINTF -DPRINTF_FLOAT_ENABLE=0 -D__MCUXPRESSO -D__USE_CMSIS -DDEBUG -I../board -I../source -I../ -I../drivers -I../device -I../CMSIS -I../component/uart -I../utilities -I../board/boards -O0 -fno-common -g3 -Wall -c -ffunction-sections -fdata-sections -ffreestanding -fno-builtin -mcpu=cortex-m0plus -mthumb -D__REDLIB__ -fstack-usage -specs=redlib.specs -MMD -MP -MF"drivers/fsl_swm.d" -MT"drivers/fsl_swm.o" -MT"drivers/fsl_swm.d" -o "drivers/fsl_swm.o" "../drivers/fsl_swm.c"
Building file: ../drivers/fsl_usart.c
Building file: ../device/system_LPC802.c
Building file: ../component/uart/miniusart_adapter.c
Invoking: MCU C Compiler
arm-none-eabi-gcc -D__REDLIB__ -DCPU_LPC802M001JDH20 -DCPU_LPC802M001JDH20_cm0plus -DFSL_RTOS_BM -DSDK_OS_BAREMETAL -DSDK_DEBUGCONSOLE=0 -DCR_INTEGER_PRINTF -DPRINTF_FLOAT_ENABLE=0 -D__MCUXPRESSO -D__USE_CMSIS -DDEBUG -I../board -I../source -I../ -I../drivers -I../device -I../CMSIS -I../component/uart -I../utilities -I../board/boards -O0 -fno-common -g3 -Wall -c -ffunction-sections -fdata-sections -ffreestanding -fno-builtin -mcpu=cortex-m0plus -mthumb -D__REDLIB__ -fstack-usage -specs=redlib.specs -MMD -MP -MF"drivers/fsl_usart.d" -MT"drivers/fsl_usart.o" -MT"drivers/fsl_usart.d" -o "drivers/fsl_usart.o" "../drivers/fsl_usart.c"
Invoking: MCU C Compiler
arm-none-eabi-gcc -D__REDLIB__ -DCPU_LPC802M001JDH20 -DCPU_LPC802M001JDH20_cm0plus -DFSL_RTOS_BM -DSDK_OS_BAREMETAL -DSDK_DEBUGCONSOLE=0 -DCR_INTEGER_PRINTF -DPRINTF_FLOAT_ENABLE=0 -D__MCUXPRESSO -D__USE_CMSIS -DDEBUG -I../board -I../source -I../ -I../drivers -I../device -I../CMSIS -I../component/uart -I../utilities -I../board/boards -O0 -fno-common -g3 -Wall -c -ffunction-sections -fdata-sections -ffreestanding -fno-builtin -mcpu=cortex-m0plus -mthumb -D__REDLIB__ -fstack-usage -specs=redlib.specs -MMD -MP -MF"device/system_LPC802.d" -MT"device/system_LPC802.o" -MT"device/system_LPC802.d" -o "device/system_LPC802.o" "../device/system_LPC802.c"
Invoking: MCU C Compiler
arm-none-eabi-gcc -D__REDLIB__ -DCPU_LPC802M001JDH20 -DCPU_LPC802M001JDH20_cm0plus -DFSL_RTOS_BM -DSDK_OS_BAREMETAL -DSDK_DEBUGCONSOLE=0 -DCR_INTEGER_PRINTF -DPRINTF_FLOAT_ENABLE=0 -D__MCUXPRESSO -D__USE_CMSIS -DDEBUG -I../board -I../source -I../ -I../drivers -I../device -I../CMSIS -I../component/uart -I../utilities -I../board/boards -O0 -fno-common -g3 -Wall -c -ffunction-sections -fdata-sections -ffreestanding -fno-builtin -mcpu=cortex-m0plus -mthumb -D__REDLIB__ -fstack-usage -specs=redlib.specs -MMD -MP -MF"component/uart/miniusart_adapter.d" -MT"component/uart/miniusart_adapter.o" -MT"component/uart/miniusart_adapter.d" -o "component/uart/miniusart_adapter.o" "../component/uart/miniusart_adapter.c"
Finished building: ../startup/startup_lpc802.c
 
Finished building: ../source/Lab G.c
Finished building: ../utilities/fsl_debug_console.c
Building file: ../board/boards/board.c
Finished building: ../drivers/fsl_clock.c
 
Finished building: ../drivers/fsl_common.c
 
Invoking: MCU C Compiler
Finished building: ../drivers/fsl_gpio.c
 
arm-none-eabi-gcc -D__REDLIB__ -DCPU_LPC802M001JDH20 -DCPU_LPC802M001JDH20_cm0plus -DFSL_RTOS_BM -DSDK_OS_BAREMETAL -DSDK_DEBUGCONSOLE=0 -DCR_INTEGER_PRINTF -DPRINTF_FLOAT_ENABLE=0 -D__MCUXPRESSO -D__USE_CMSIS -DDEBUG -I../board -I../source -I../ -I../drivers -I../device -I../CMSIS -I../component/uart -I../utilities -I../board/boards -O0 -fno-common -g3 -Wall -c -ffunction-sections -fdata-sections -ffreestanding -fno-builtin -mcpu=cortex-m0plus -mthumb -D__REDLIB__ -fstack-usage -specs=redlib.specs -MMD -MP -MF"board/boards/board.d" -MT"board/boards/board.o" -MT"board/boards/board.d" -o "board/boards/board.o" "../board/boards/board.c"
 
Finished building: ../drivers/fsl_power.c
 
Finished building: ../drivers/fsl_swm.c
Finished building: ../drivers/fsl_reset.c
 
Finished building: ../device/system_LPC802.c
 
 
Building file: ../board/boards/clock_config.c
 
Building file: ../board/boards/peripherals.c
Building file: ../board/boards/pin_mux.c
Invoking: MCU C Compiler
arm-none-eabi-gcc -D__REDLIB__ -DCPU_LPC802M001JDH20 -DCPU_LPC802M001JDH20_cm0plus -DFSL_RTOS_BM -DSDK_OS_BAREMETAL -DSDK_DEBUGCONSOLE=0 -DCR_INTEGER_PRINTF -DPRINTF_FLOAT_ENABLE=0 -D__MCUXPRESSO -D__USE_CMSIS -DDEBUG -I../board -I../source -I../ -I../drivers -I../device -I../CMSIS -I../component/uart -I../utilities -I../board/boards -O0 -fno-common -g3 -Wall -c -ffunction-sections -fdata-sections -ffreestanding -fno-builtin -mcpu=cortex-m0plus -mthumb -D__REDLIB__ -fstack-usage -specs=redlib.specs -MMD -MP -MF"board/boards/clock_config.d" -MT"board/boards/clock_config.o" -MT"board/boards/clock_config.d" -o "board/boards/clock_config.o" "../board/boards/clock_config.c"
Invoking: MCU C Compiler
arm-none-eabi-gcc -D__REDLIB__ -DCPU_LPC802M001JDH20 -DCPU_LPC802M001JDH20_cm0plus -DFSL_RTOS_BM -DSDK_OS_BAREMETAL -DSDK_DEBUGCONSOLE=0 -DCR_INTEGER_PRINTF -DPRINTF_FLOAT_ENABLE=0 -D__MCUXPRESSO -D__USE_CMSIS -DDEBUG -I../board -I../source -I../ -I../drivers -I../device -I../CMSIS -I../component/uart -I../utilities -I../board/boards -O0 -fno-common -g3 -Wall -c -ffunction-sections -fdata-sections -ffreestanding -fno-builtin -mcpu=cortex-m0plus -mthumb -D__REDLIB__ -fstack-usage -specs=redlib.specs -MMD -MP -MF"board/boards/peripherals.d" -MT"board/boards/peripherals.o" -MT"board/boards/peripherals.d" -o "board/boards/peripherals.o" "../board/boards/peripherals.c"
Finished building: ../component/uart/miniusart_adapter.c
Invoking: MCU C Compiler
arm-none-eabi-gcc -D__REDLIB__ -DCPU_LPC802M001JDH20 -DCPU_LPC802M001JDH20_cm0plus -DFSL_RTOS_BM -DSDK_OS_BAREMETAL -DSDK_DEBUGCONSOLE=0 -DCR_INTEGER_PRINTF -DPRINTF_FLOAT_ENABLE=0 -D__MCUXPRESSO -D__USE_CMSIS -DDEBUG -I../board -I../source -I../ -I../drivers -I../device -I../CMSIS -I../component/uart -I../utilities -I../board/boards -O0 -fno-common -g3 -Wall -c -ffunction-sections -fdata-sections -ffreestanding -fno-builtin -mcpu=cortex-m0plus -mthumb -D__REDLIB__ -fstack-usage -specs=redlib.specs -MMD -MP -MF"board/boards/pin_mux.d" -MT"board/boards/pin_mux.o" -MT"board/boards/pin_mux.d" -o "board/boards/pin_mux.o" "../board/boards/pin_mux.c"
Finished building: ../drivers/fsl_usart.c
 
 
Finished building: ../board/boards/peripherals.c
Finished building: ../board/boards/board.c
 
 
Finished building: ../board/boards/clock_config.c
 
Finished building: ../board/boards/pin_mux.c
 
Building target: Lab G - slides.axf
Invoking: MCU Linker
arm-none-eabi-gcc -nostdlib -Xlinker -Map="Lab G - slides.map" -Xlinker --gc-sections -Xlinker -print-memory-usage -Xlinker --sort-section=alignment -Xlinker --cref -mcpu=cortex-m0plus -mthumb -T "Lab_G_-_slides_Debug.ld" -o "Lab G - slides.axf"  ./utilities/fsl_debug_console.o  ./startup/startup_lpc802.o  ./source/Lab\ G.o  ./drivers/fsl_clock.o ./drivers/fsl_common.o ./drivers/fsl_gpio.o ./drivers/fsl_power.o ./drivers/fsl_reset.o ./drivers/fsl_swm.o ./drivers/fsl_usart.o  ./device/system_LPC802.o  ./component/uart/miniusart_adapter.o  ./board/boards/board.o ./board/boards/clock_config.o ./board/boards/peripherals.o ./board/boards/pin_mux.o   
Memory region         Used Size  Region Size  %age Used
   PROGRAM_FLASH:        2332 B      16256 B     14.35%
      BOOT_FLASH:          0 GB        128 B      0.00%
            SRAM:         460 B         2 KB     22.46%
Finished building target: Lab G - slides.axf
 
C:/nxp/MCUXpressoIDE_11.0.1_2563/ide/plugins/com.nxp.mcuxpresso.tools.win32_11.0.1.201907311258/buildtools/bin/make --no-print-directory post-build
Performing post-build steps
arm-none-eabi-size "Lab G - slides.axf"; # arm-none-eabi-objcopy -v -O binary "Lab G - slides.axf" "Lab G - slides.bin" ; # checksum -p LPC802 -d "Lab G - slides.bin";
   text	   data	    bss	    dec	    hex	filename
   2328	      4	    456	   2788	    ae4	Lab G - slides.axf
 
11:54:00 **** Incremental Build of configuration Debug for project Lab G - slides ****
make -r -j12 all 
make: Nothing to be done for 'all'.
11:55:34 **** Incremental Build of configuration Debug for project LPC802_Project_part3 ****
make -r -j12 all 
make: Nothing to be done for 'all'.
11:58:37 **** Incremental Build of configuration Debug for project Lab G - slides ****
make -r -j12 all 
Building file: ../source/Lab G.c
Invoking: MCU C Compiler
arm-none-eabi-gcc -D__REDLIB__ -DCPU_LPC802M001JDH20 -DCPU_LPC802M001JDH20_cm0plus -DFSL_RTOS_BM -DSDK_OS_BAREMETAL -DSDK_DEBUGCONSOLE=0 -DCR_INTEGER_PRINTF -DPRINTF_FLOAT_ENABLE=0 -D__MCUXPRESSO -D__USE_CMSIS -DDEBUG -I../board -I../source -I../ -I../drivers -I../device -I../CMSIS -I../component/uart -I../utilities -I../board/boards -O0 -fno-common -g3 -Wall -c -ffunction-sections -fdata-sections -ffreestanding -fno-builtin -mcpu=cortex-m0plus -mthumb -D__REDLIB__ -fstack-usage -specs=redlib.specs -MMD -MP -MF"source/Lab G.d" -MT"source/Lab\ G.d" -o "source/Lab G.o" "../source/Lab G.c"
Finished building: ../source/Lab G.c
 
Building target: Lab G - slides.axf
Invoking: MCU Linker
arm-none-eabi-gcc -nostdlib -Xlinker -Map="Lab G - slides.map" -Xlinker --gc-sections -Xlinker -print-memory-usage -Xlinker --sort-section=alignment -Xlinker --cref -mcpu=cortex-m0plus -mthumb -T "Lab_G_-_slides_Debug.ld" -o "Lab G - slides.axf"  ./utilities/fsl_debug_console.o  ./startup/startup_lpc802.o  ./source/Lab\ G.o  ./drivers/fsl_clock.o ./drivers/fsl_common.o ./drivers/fsl_gpio.o ./drivers/fsl_power.o ./drivers/fsl_reset.o ./drivers/fsl_swm.o ./drivers/fsl_usart.o  ./device/system_LPC802.o  ./component/uart/miniusart_adapter.o  ./board/boards/board.o ./board/boards/clock_config.o ./board/boards/peripherals.o ./board/boards/pin_mux.o   
Memory region         Used Size  Region Size  %age Used
   PROGRAM_FLASH:        2332 B      16256 B     14.35%
      BOOT_FLASH:          0 GB        128 B      0.00%
            SRAM:         460 B         2 KB     22.46%
Finished building target: Lab G - slides.axf
 
C:/nxp/MCUXpressoIDE_11.0.1_2563/ide/plugins/com.nxp.mcuxpresso.tools.win32_11.0.1.201907311258/buildtools/bin/make --no-print-directory post-build
Performing post-build steps
arm-none-eabi-size "Lab G - slides.axf"; # arm-none-eabi-objcopy -v -O binary "Lab G - slides.axf" "Lab G - slides.bin" ; # checksum -p LPC802 -d "Lab G - slides.bin";
   text	   data	    bss	    dec	    hex	filename
   2328	      4	    456	   2788	    ae4	Lab G - slides.axf
 
12:00:21 **** Incremental Build of configuration Debug for project Lab G - slides ****
make -r -j12 all 
Building file: ../source/Lab G.c
Invoking: MCU C Compiler
arm-none-eabi-gcc -D__REDLIB__ -DCPU_LPC802M001JDH20 -DCPU_LPC802M001JDH20_cm0plus -DFSL_RTOS_BM -DSDK_OS_BAREMETAL -DSDK_DEBUGCONSOLE=0 -DCR_INTEGER_PRINTF -DPRINTF_FLOAT_ENABLE=0 -D__MCUXPRESSO -D__USE_CMSIS -DDEBUG -I../board -I../source -I../ -I../drivers -I../device -I../CMSIS -I../component/uart -I../utilities -I../board/boards -O0 -fno-common -g3 -Wall -c -ffunction-sections -fdata-sections -ffreestanding -fno-builtin -mcpu=cortex-m0plus -mthumb -D__REDLIB__ -fstack-usage -specs=redlib.specs -MMD -MP -MF"source/Lab G.d" -MT"source/Lab\ G.d" -o "source/Lab G.o" "../source/Lab G.c"
Finished building: ../source/Lab G.c
 
Building target: Lab G - slides.axf
Invoking: MCU Linker
arm-none-eabi-gcc -nostdlib -Xlinker -Map="Lab G - slides.map" -Xlinker --gc-sections -Xlinker -print-memory-usage -Xlinker --sort-section=alignment -Xlinker --cref -mcpu=cortex-m0plus -mthumb -T "Lab_G_-_slides_Debug.ld" -o "Lab G - slides.axf"  ./utilities/fsl_debug_console.o  ./startup/startup_lpc802.o  ./source/Lab\ G.o  ./drivers/fsl_clock.o ./drivers/fsl_common.o ./drivers/fsl_gpio.o ./drivers/fsl_power.o ./drivers/fsl_reset.o ./drivers/fsl_swm.o ./drivers/fsl_usart.o  ./device/system_LPC802.o  ./component/uart/miniusart_adapter.o  ./board/boards/board.o ./board/boards/clock_config.o ./board/boards/peripherals.o ./board/boards/pin_mux.o   
Memory region         Used Size  Region Size  %age Used
   PROGRAM_FLASH:        2304 B      16256 B     14.17%
      BOOT_FLASH:          0 GB        128 B      0.00%
            SRAM:         460 B         2 KB     22.46%
Finished building target: Lab G - slides.axf
 
C:/nxp/MCUXpressoIDE_11.0.1_2563/ide/plugins/com.nxp.mcuxpresso.tools.win32_11.0.1.201907311258/buildtools/bin/make --no-print-directory post-build
Performing post-build steps
arm-none-eabi-size "Lab G - slides.axf"; # arm-none-eabi-objcopy -v -O binary "Lab G - slides.axf" "Lab G - slides.bin" ; # checksum -p LPC802 -d "Lab G - slides.bin";
   text	   data	    bss	    dec	    hex	filename
   2300	      4	    456	   2760	    ac8	Lab G - slides.axf
 
12:02:52 **** Incremental Build of configuration Debug for project Lab G - slides ****
make -r -j12 all 
Building file: ../source/Lab G.c
Invoking: MCU C Compiler
arm-none-eabi-gcc -D__REDLIB__ -DCPU_LPC802M001JDH20 -DCPU_LPC802M001JDH20_cm0plus -DFSL_RTOS_BM -DSDK_OS_BAREMETAL -DSDK_DEBUGCONSOLE=0 -DCR_INTEGER_PRINTF -DPRINTF_FLOAT_ENABLE=0 -D__MCUXPRESSO -D__USE_CMSIS -DDEBUG -I../board -I../source -I../ -I../drivers -I../device -I../CMSIS -I../component/uart -I../utilities -I../board/boards -O0 -fno-common -g3 -Wall -c -ffunction-sections -fdata-sections -ffreestanding -fno-builtin -mcpu=cortex-m0plus -mthumb -D__REDLIB__ -fstack-usage -specs=redlib.specs -MMD -MP -MF"source/Lab G.d" -MT"source/Lab\ G.d" -o "source/Lab G.o" "../source/Lab G.c"
Finished building: ../source/Lab G.c
 
Building target: Lab G - slides.axf
Invoking: MCU Linker
arm-none-eabi-gcc -nostdlib -Xlinker -Map="Lab G - slides.map" -Xlinker --gc-sections -Xlinker -print-memory-usage -Xlinker --sort-section=alignment -Xlinker --cref -mcpu=cortex-m0plus -mthumb -T "Lab_G_-_slides_Debug.ld" -o "Lab G - slides.axf"  ./utilities/fsl_debug_console.o  ./startup/startup_lpc802.o  ./source/Lab\ G.o  ./drivers/fsl_clock.o ./drivers/fsl_common.o ./drivers/fsl_gpio.o ./drivers/fsl_power.o ./drivers/fsl_reset.o ./drivers/fsl_swm.o ./drivers/fsl_usart.o  ./device/system_LPC802.o  ./component/uart/miniusart_adapter.o  ./board/boards/board.o ./board/boards/clock_config.o ./board/boards/peripherals.o ./board/boards/pin_mux.o   
Memory region         Used Size  Region Size  %age Used
   PROGRAM_FLASH:        4068 B      16256 B     25.02%
      BOOT_FLASH:          0 GB        128 B      0.00%
            SRAM:         472 B         2 KB     23.05%
Finished building target: Lab G - slides.axf
 
C:/nxp/MCUXpressoIDE_11.0.1_2563/ide/plugins/com.nxp.mcuxpresso.tools.win32_11.0.1.201907311258/buildtools/bin/make --no-print-directory post-build
Performing post-build steps
arm-none-eabi-size "Lab G - slides.axf"; # arm-none-eabi-objcopy -v -O binary "Lab G - slides.axf" "Lab G - slides.bin" ; # checksum -p LPC802 -d "Lab G - slides.bin";
   text	   data	    bss	    dec	    hex	filename
   4064	      4	    468	   4536	   11b8	Lab G - slides.axf
 
12:06:06 **** Incremental Build of configuration Debug for project Lab G - slides ****
make -r -j12 all 
Building file: ../source/Lab G.c
Invoking: MCU C Compiler
arm-none-eabi-gcc -D__REDLIB__ -DCPU_LPC802M001JDH20 -DCPU_LPC802M001JDH20_cm0plus -DFSL_RTOS_BM -DSDK_OS_BAREMETAL -DSDK_DEBUGCONSOLE=0 -DCR_INTEGER_PRINTF -DPRINTF_FLOAT_ENABLE=0 -D__MCUXPRESSO -D__USE_CMSIS -DDEBUG -I../board -I../source -I../ -I../drivers -I../device -I../CMSIS -I../component/uart -I../utilities -I../board/boards -O0 -fno-common -g3 -Wall -c -ffunction-sections -fdata-sections -ffreestanding -fno-builtin -mcpu=cortex-m0plus -mthumb -D__REDLIB__ -fstack-usage -specs=redlib.specs -MMD -MP -MF"source/Lab G.d" -MT"source/Lab\ G.d" -o "source/Lab G.o" "../source/Lab G.c"
Finished building: ../source/Lab G.c
 
Building target: Lab G - slides.axf
Invoking: MCU Linker
arm-none-eabi-gcc -nostdlib -Xlinker -Map="Lab G - slides.map" -Xlinker --gc-sections -Xlinker -print-memory-usage -Xlinker --sort-section=alignment -Xlinker --cref -mcpu=cortex-m0plus -mthumb -T "Lab_G_-_slides_Debug.ld" -o "Lab G - slides.axf"  ./utilities/fsl_debug_console.o  ./startup/startup_lpc802.o  ./source/Lab\ G.o  ./drivers/fsl_clock.o ./drivers/fsl_common.o ./drivers/fsl_gpio.o ./drivers/fsl_power.o ./drivers/fsl_reset.o ./drivers/fsl_swm.o ./drivers/fsl_usart.o  ./device/system_LPC802.o  ./component/uart/miniusart_adapter.o  ./board/boards/board.o ./board/boards/clock_config.o ./board/boards/peripherals.o ./board/boards/pin_mux.o   
Memory region         Used Size  Region Size  %age Used
   PROGRAM_FLASH:        4068 B      16256 B     25.02%
      BOOT_FLASH:          0 GB        128 B      0.00%
            SRAM:         472 B         2 KB     23.05%
Finished building target: Lab G - slides.axf
 
C:/nxp/MCUXpressoIDE_11.0.1_2563/ide/plugins/com.nxp.mcuxpresso.tools.win32_11.0.1.201907311258/buildtools/bin/make --no-print-directory post-build
Performing post-build steps
arm-none-eabi-size "Lab G - slides.axf"; # arm-none-eabi-objcopy -v -O binary "Lab G - slides.axf" "Lab G - slides.bin" ; # checksum -p LPC802 -d "Lab G - slides.bin";
   text	   data	    bss	    dec	    hex	filename
   4064	      4	    468	   4536	   11b8	Lab G - slides.axf
 
12:06:17 **** Incremental Build of configuration Debug for project Lab G - slides ****
make -r -j12 all 
make: Nothing to be done for 'all'.
12:12:40 **** Build of configuration Debug for project Lab G - part1_one_shot ****
make -r -j12 all 
Building file: ../source/Lab G.c
Invoking: MCU C Compiler
arm-none-eabi-gcc -D__REDLIB__ -DCPU_LPC802M001JDH20 -DCPU_LPC802M001JDH20_cm0plus -DFSL_RTOS_BM -DSDK_OS_BAREMETAL -DSDK_DEBUGCONSOLE=0 -DCR_INTEGER_PRINTF -DPRINTF_FLOAT_ENABLE=0 -D__MCUXPRESSO -D__USE_CMSIS -DDEBUG -I../board -I../source -I../ -I../drivers -I../device -I../CMSIS -I../component/uart -I../utilities -I../board/boards -O0 -fno-common -g3 -Wall -c -ffunction-sections -fdata-sections -ffreestanding -fno-builtin -mcpu=cortex-m0plus -mthumb -D__REDLIB__ -fstack-usage -specs=redlib.specs -MMD -MP -MF"source/Lab G.d" -MT"source/Lab\ G.d" -o "source/Lab G.o" "../source/Lab G.c"
../source/Lab G.c: In function 'MRT0_IRQHandler':
../source/Lab G.c:53:24: error: 'LED_USER2' undeclared (first use in this function); did you mean 'LED_USER1'?
   GPIO->NOT[0] = (1UL<<LED_USER2);
                        ^~~~~~~~~
                        LED_USER1
../source/Lab G.c:53:24: note: each undeclared identifier is reported only once for each function it appears in
make: *** [source/subdir.mk:20: source/Lab G.o] Error 1
"make -r -j12 all" terminated with exit code 2. Build might be incomplete.
12:12:55 **** Incremental Build of configuration Debug for project Lab G - part1_one_shot ****
make -r -j12 all 
Building file: ../source/Lab G.c
Invoking: MCU C Compiler
arm-none-eabi-gcc -D__REDLIB__ -DCPU_LPC802M001JDH20 -DCPU_LPC802M001JDH20_cm0plus -DFSL_RTOS_BM -DSDK_OS_BAREMETAL -DSDK_DEBUGCONSOLE=0 -DCR_INTEGER_PRINTF -DPRINTF_FLOAT_ENABLE=0 -D__MCUXPRESSO -D__USE_CMSIS -DDEBUG -I../board -I../source -I../ -I../drivers -I../device -I../CMSIS -I../component/uart -I../utilities -I../board/boards -O0 -fno-common -g3 -Wall -c -ffunction-sections -fdata-sections -ffreestanding -fno-builtin -mcpu=cortex-m0plus -mthumb -D__REDLIB__ -fstack-usage -specs=redlib.specs -MMD -MP -MF"source/Lab G.d" -MT"source/Lab\ G.d" -o "source/Lab G.o" "../source/Lab G.c"
Finished building: ../source/Lab G.c
 
Building target: Lab G - part1_one_shot.axf
Invoking: MCU Linker
arm-none-eabi-gcc -nostdlib -Xlinker -Map="Lab G - part1_one_shot.map" -Xlinker --gc-sections -Xlinker -print-memory-usage -Xlinker --sort-section=alignment -Xlinker --cref -mcpu=cortex-m0plus -mthumb -T "Lab_G_-_slides_Debug.ld" -o "Lab G - part1_one_shot.axf"  ./utilities/fsl_debug_console.o  ./startup/startup_lpc802.o  ./source/Lab\ G.o  ./drivers/fsl_clock.o ./drivers/fsl_common.o ./drivers/fsl_gpio.o ./drivers/fsl_power.o ./drivers/fsl_reset.o ./drivers/fsl_swm.o ./drivers/fsl_usart.o  ./device/system_LPC802.o  ./component/uart/miniusart_adapter.o  ./board/boards/board.o ./board/boards/clock_config.o ./board/boards/peripherals.o ./board/boards/pin_mux.o   
Memory region         Used Size  Region Size  %age Used
   PROGRAM_FLASH:        4024 B      16256 B     24.75%
      BOOT_FLASH:          0 GB        128 B      0.00%
            SRAM:         472 B         2 KB     23.05%
Finished building target: Lab G - part1_one_shot.axf
 
C:/nxp/MCUXpressoIDE_11.0.1_2563/ide/plugins/com.nxp.mcuxpresso.tools.win32_11.0.1.201907311258/buildtools/bin/make --no-print-directory post-build
Performing post-build steps
arm-none-eabi-size "Lab G - part1_one_shot.axf"; # arm-none-eabi-objcopy -v -O binary "Lab G - part1_one_shot.axf" "Lab G - part1_one_shot.bin" ; # checksum -p LPC802 -d "Lab G - part1_one_shot.bin";
   text	   data	    bss	    dec	    hex	filename
   4020	      4	    468	   4492	   118c	Lab G - part1_one_shot.axf
 
12:13:05 **** Incremental Build of configuration Debug for project Lab G - part1_one_shot ****
make -r -j12 all 
Building file: ../source/Lab G.c
Invoking: MCU C Compiler
arm-none-eabi-gcc -D__REDLIB__ -DCPU_LPC802M001JDH20 -DCPU_LPC802M001JDH20_cm0plus -DFSL_RTOS_BM -DSDK_OS_BAREMETAL -DSDK_DEBUGCONSOLE=0 -DCR_INTEGER_PRINTF -DPRINTF_FLOAT_ENABLE=0 -D__MCUXPRESSO -D__USE_CMSIS -DDEBUG -I../board -I../source -I../ -I../drivers -I../device -I../CMSIS -I../component/uart -I../utilities -I../board/boards -O0 -fno-common -g3 -Wall -c -ffunction-sections -fdata-sections -ffreestanding -fno-builtin -mcpu=cortex-m0plus -mthumb -D__REDLIB__ -fstack-usage -specs=redlib.specs -MMD -MP -MF"source/Lab G.d" -MT"source/Lab\ G.d" -o "source/Lab G.o" "../source/Lab G.c"
Finished building: ../source/Lab G.c
 
Building target: Lab G - part1_one_shot.axf
Invoking: MCU Linker
arm-none-eabi-gcc -nostdlib -Xlinker -Map="Lab G - part1_one_shot.map" -Xlinker --gc-sections -Xlinker -print-memory-usage -Xlinker --sort-section=alignment -Xlinker --cref -mcpu=cortex-m0plus -mthumb -T "Lab_G_-_slides_Debug.ld" -o "Lab G - part1_one_shot.axf"  ./utilities/fsl_debug_console.o  ./startup/startup_lpc802.o  ./source/Lab\ G.o  ./drivers/fsl_clock.o ./drivers/fsl_common.o ./drivers/fsl_gpio.o ./drivers/fsl_power.o ./drivers/fsl_reset.o ./drivers/fsl_swm.o ./drivers/fsl_usart.o  ./device/system_LPC802.o  ./component/uart/miniusart_adapter.o  ./board/boards/board.o ./board/boards/clock_config.o ./board/boards/peripherals.o ./board/boards/pin_mux.o   
Memory region         Used Size  Region Size  %age Used
   PROGRAM_FLASH:        4024 B      16256 B     24.75%
      BOOT_FLASH:          0 GB        128 B      0.00%
            SRAM:         472 B         2 KB     23.05%
Finished building target: Lab G - part1_one_shot.axf
 
C:/nxp/MCUXpressoIDE_11.0.1_2563/ide/plugins/com.nxp.mcuxpresso.tools.win32_11.0.1.201907311258/buildtools/bin/make --no-print-directory post-build
Performing post-build steps
arm-none-eabi-size "Lab G - part1_one_shot.axf"; # arm-none-eabi-objcopy -v -O binary "Lab G - part1_one_shot.axf" "Lab G - part1_one_shot.bin" ; # checksum -p LPC802 -d "Lab G - part1_one_shot.bin";
   text	   data	    bss	    dec	    hex	filename
   4020	      4	    468	   4492	   118c	Lab G - part1_one_shot.axf
 
12:13:11 **** Incremental Build of configuration Debug for project Lab G - part1_one_shot ****
make -r -j12 all 
make: Nothing to be done for 'all'.
12:13:59 **** Incremental Build of configuration Debug for project Lab G - part1_one_shot ****
make -r -j12 all 
Building file: ../source/Lab G.c
Invoking: MCU C Compiler
arm-none-eabi-gcc -D__REDLIB__ -DCPU_LPC802M001JDH20 -DCPU_LPC802M001JDH20_cm0plus -DFSL_RTOS_BM -DSDK_OS_BAREMETAL -DSDK_DEBUGCONSOLE=0 -DCR_INTEGER_PRINTF -DPRINTF_FLOAT_ENABLE=0 -D__MCUXPRESSO -D__USE_CMSIS -DDEBUG -I../board -I../source -I../ -I../drivers -I../device -I../CMSIS -I../component/uart -I../utilities -I../board/boards -O0 -fno-common -g3 -Wall -c -ffunction-sections -fdata-sections -ffreestanding -fno-builtin -mcpu=cortex-m0plus -mthumb -D__REDLIB__ -fstack-usage -specs=redlib.specs -MMD -MP -MF"source/Lab G.d" -MT"source/Lab\ G.d" -o "source/Lab G.o" "../source/Lab G.c"
Finished building: ../source/Lab G.c
 
Building target: Lab G - part1_one_shot.axf
Invoking: MCU Linker
arm-none-eabi-gcc -nostdlib -Xlinker -Map="Lab G - part1_one_shot.map" -Xlinker --gc-sections -Xlinker -print-memory-usage -Xlinker --sort-section=alignment -Xlinker --cref -mcpu=cortex-m0plus -mthumb -T "Lab_G_-_slides_Debug.ld" -o "Lab G - part1_one_shot.axf"  ./utilities/fsl_debug_console.o  ./startup/startup_lpc802.o  ./source/Lab\ G.o  ./drivers/fsl_clock.o ./drivers/fsl_common.o ./drivers/fsl_gpio.o ./drivers/fsl_power.o ./drivers/fsl_reset.o ./drivers/fsl_swm.o ./drivers/fsl_usart.o  ./device/system_LPC802.o  ./component/uart/miniusart_adapter.o  ./board/boards/board.o ./board/boards/clock_config.o ./board/boards/peripherals.o ./board/boards/pin_mux.o   
Memory region         Used Size  Region Size  %age Used
   PROGRAM_FLASH:        4024 B      16256 B     24.75%
      BOOT_FLASH:          0 GB        128 B      0.00%
            SRAM:         472 B         2 KB     23.05%
Finished building target: Lab G - part1_one_shot.axf
 
C:/nxp/MCUXpressoIDE_11.0.1_2563/ide/plugins/com.nxp.mcuxpresso.tools.win32_11.0.1.201907311258/buildtools/bin/make --no-print-directory post-build
Performing post-build steps
arm-none-eabi-size "Lab G - part1_one_shot.axf"; # arm-none-eabi-objcopy -v -O binary "Lab G - part1_one_shot.axf" "Lab G - part1_one_shot.bin" ; # checksum -p LPC802 -d "Lab G - part1_one_shot.bin";
   text	   data	    bss	    dec	    hex	filename
   4020	      4	    468	   4492	   118c	Lab G - part1_one_shot.axf
 
12:14:50 **** Incremental Build of configuration Debug for project Lab G - part1_one_shot ****
make -r -j12 all 
Building file: ../source/Lab G.c
Invoking: MCU C Compiler
arm-none-eabi-gcc -D__REDLIB__ -DCPU_LPC802M001JDH20 -DCPU_LPC802M001JDH20_cm0plus -DFSL_RTOS_BM -DSDK_OS_BAREMETAL -DSDK_DEBUGCONSOLE=0 -DCR_INTEGER_PRINTF -DPRINTF_FLOAT_ENABLE=0 -D__MCUXPRESSO -D__USE_CMSIS -DDEBUG -I../board -I../source -I../ -I../drivers -I../device -I../CMSIS -I../component/uart -I../utilities -I../board/boards -O0 -fno-common -g3 -Wall -c -ffunction-sections -fdata-sections -ffreestanding -fno-builtin -mcpu=cortex-m0plus -mthumb -D__REDLIB__ -fstack-usage -specs=redlib.specs -MMD -MP -MF"source/Lab G.d" -MT"source/Lab\ G.d" -o "source/Lab G.o" "../source/Lab G.c"
Finished building: ../source/Lab G.c
 
Building target: Lab G - part1_one_shot.axf
Invoking: MCU Linker
arm-none-eabi-gcc -nostdlib -Xlinker -Map="Lab G - part1_one_shot.map" -Xlinker --gc-sections -Xlinker -print-memory-usage -Xlinker --sort-section=alignment -Xlinker --cref -mcpu=cortex-m0plus -mthumb -T "Lab_G_-_slides_Debug.ld" -o "Lab G - part1_one_shot.axf"  ./utilities/fsl_debug_console.o  ./startup/startup_lpc802.o  ./source/Lab\ G.o  ./drivers/fsl_clock.o ./drivers/fsl_common.o ./drivers/fsl_gpio.o ./drivers/fsl_power.o ./drivers/fsl_reset.o ./drivers/fsl_swm.o ./drivers/fsl_usart.o  ./device/system_LPC802.o  ./component/uart/miniusart_adapter.o  ./board/boards/board.o ./board/boards/clock_config.o ./board/boards/peripherals.o ./board/boards/pin_mux.o   
Memory region         Used Size  Region Size  %age Used
   PROGRAM_FLASH:        4024 B      16256 B     24.75%
      BOOT_FLASH:          0 GB        128 B      0.00%
            SRAM:         472 B         2 KB     23.05%
Finished building target: Lab G - part1_one_shot.axf
 
C:/nxp/MCUXpressoIDE_11.0.1_2563/ide/plugins/com.nxp.mcuxpresso.tools.win32_11.0.1.201907311258/buildtools/bin/make --no-print-directory post-build
Performing post-build steps
arm-none-eabi-size "Lab G - part1_one_shot.axf"; # arm-none-eabi-objcopy -v -O binary "Lab G - part1_one_shot.axf" "Lab G - part1_one_shot.bin" ; # checksum -p LPC802 -d "Lab G - part1_one_shot.bin";
   text	   data	    bss	    dec	    hex	filename
   4020	      4	    468	   4492	   118c	Lab G - part1_one_shot.axf
 
12:15:52 **** Incremental Build of configuration Debug for project Lab G - part1_one_shot ****
make -r -j12 all 
Building file: ../source/Lab G.c
Invoking: MCU C Compiler
arm-none-eabi-gcc -D__REDLIB__ -DCPU_LPC802M001JDH20 -DCPU_LPC802M001JDH20_cm0plus -DFSL_RTOS_BM -DSDK_OS_BAREMETAL -DSDK_DEBUGCONSOLE=0 -DCR_INTEGER_PRINTF -DPRINTF_FLOAT_ENABLE=0 -D__MCUXPRESSO -D__USE_CMSIS -DDEBUG -I../board -I../source -I../ -I../drivers -I../device -I../CMSIS -I../component/uart -I../utilities -I../board/boards -O0 -fno-common -g3 -Wall -c -ffunction-sections -fdata-sections -ffreestanding -fno-builtin -mcpu=cortex-m0plus -mthumb -D__REDLIB__ -fstack-usage -specs=redlib.specs -MMD -MP -MF"source/Lab G.d" -MT"source/Lab\ G.d" -o "source/Lab G.o" "../source/Lab G.c"
Finished building: ../source/Lab G.c
 
Building target: Lab G - part1_one_shot.axf
Invoking: MCU Linker
arm-none-eabi-gcc -nostdlib -Xlinker -Map="Lab G - part1_one_shot.map" -Xlinker --gc-sections -Xlinker -print-memory-usage -Xlinker --sort-section=alignment -Xlinker --cref -mcpu=cortex-m0plus -mthumb -T "Lab_G_-_slides_Debug.ld" -o "Lab G - part1_one_shot.axf"  ./utilities/fsl_debug_console.o  ./startup/startup_lpc802.o  ./source/Lab\ G.o  ./drivers/fsl_clock.o ./drivers/fsl_common.o ./drivers/fsl_gpio.o ./drivers/fsl_power.o ./drivers/fsl_reset.o ./drivers/fsl_swm.o ./drivers/fsl_usart.o  ./device/system_LPC802.o  ./component/uart/miniusart_adapter.o  ./board/boards/board.o ./board/boards/clock_config.o ./board/boards/peripherals.o ./board/boards/pin_mux.o   
Memory region         Used Size  Region Size  %age Used
   PROGRAM_FLASH:        4024 B      16256 B     24.75%
      BOOT_FLASH:          0 GB        128 B      0.00%
            SRAM:         472 B         2 KB     23.05%
Finished building target: Lab G - part1_one_shot.axf
 
C:/nxp/MCUXpressoIDE_11.0.1_2563/ide/plugins/com.nxp.mcuxpresso.tools.win32_11.0.1.201907311258/buildtools/bin/make --no-print-directory post-build
Performing post-build steps
arm-none-eabi-size "Lab G - part1_one_shot.axf"; # arm-none-eabi-objcopy -v -O binary "Lab G - part1_one_shot.axf" "Lab G - part1_one_shot.bin" ; # checksum -p LPC802 -d "Lab G - part1_one_shot.bin";
   text	   data	    bss	    dec	    hex	filename
   4020	      4	    468	   4492	   118c	Lab G - part1_one_shot.axf
 
12:46:25 **** Incremental Build of configuration Debug for project Lab G - part1_one_shot ****
make -r -j12 all 
Building file: ../source/Lab G.c
Invoking: MCU C Compiler
arm-none-eabi-gcc -D__REDLIB__ -DCPU_LPC802M001JDH20 -DCPU_LPC802M001JDH20_cm0plus -DFSL_RTOS_BM -DSDK_OS_BAREMETAL -DSDK_DEBUGCONSOLE=0 -DCR_INTEGER_PRINTF -DPRINTF_FLOAT_ENABLE=0 -D__MCUXPRESSO -D__USE_CMSIS -DDEBUG -I../board -I../source -I../ -I../drivers -I../device -I../CMSIS -I../component/uart -I../utilities -I../board/boards -O0 -fno-common -g3 -Wall -c -ffunction-sections -fdata-sections -ffreestanding -fno-builtin -mcpu=cortex-m0plus -mthumb -D__REDLIB__ -fstack-usage -specs=redlib.specs -MMD -MP -MF"source/Lab G.d" -MT"source/Lab\ G.d" -o "source/Lab G.o" "../source/Lab G.c"
Finished building: ../source/Lab G.c
 
Building target: Lab G - part1_one_shot.axf
Invoking: MCU Linker
arm-none-eabi-gcc -nostdlib -Xlinker -Map="Lab G - part1_one_shot.map" -Xlinker --gc-sections -Xlinker -print-memory-usage -Xlinker --sort-section=alignment -Xlinker --cref -mcpu=cortex-m0plus -mthumb -T "Lab_G_-_slides_Debug.ld" -o "Lab G - part1_one_shot.axf"  ./utilities/fsl_debug_console.o  ./startup/startup_lpc802.o  ./source/Lab\ G.o  ./drivers/fsl_clock.o ./drivers/fsl_common.o ./drivers/fsl_gpio.o ./drivers/fsl_power.o ./drivers/fsl_reset.o ./drivers/fsl_swm.o ./drivers/fsl_usart.o  ./device/system_LPC802.o  ./component/uart/miniusart_adapter.o  ./board/boards/board.o ./board/boards/clock_config.o ./board/boards/peripherals.o ./board/boards/pin_mux.o   
Memory region         Used Size  Region Size  %age Used
   PROGRAM_FLASH:        4880 B      16256 B     30.02%
      BOOT_FLASH:          0 GB        128 B      0.00%
            SRAM:         480 B         2 KB     23.44%
Finished building target: Lab G - part1_one_shot.axf
 
C:/nxp/MCUXpressoIDE_11.0.1_2563/ide/plugins/com.nxp.mcuxpresso.tools.win32_11.0.1.201907311258/buildtools/bin/make --no-print-directory post-build
Performing post-build steps
arm-none-eabi-size "Lab G - part1_one_shot.axf"; # arm-none-eabi-objcopy -v -O binary "Lab G - part1_one_shot.axf" "Lab G - part1_one_shot.bin" ; # checksum -p LPC802 -d "Lab G - part1_one_shot.bin";
   text	   data	    bss	    dec	    hex	filename
   4868	     12	    468	   5348	   14e4	Lab G - part1_one_shot.axf
 
12:47:23 **** Clean-only build of configuration Debug for project Lab G - part2_duty_cycle ****
make -r -j12 clean 
rm -rf  ./utilities/fsl_debug_console.o  ./startup/startup_lpc802.o  ./source/Lab\ G.o  ./drivers/fsl_clock.o ./drivers/fsl_common.o ./drivers/fsl_gpio.o ./drivers/fsl_power.o ./drivers/fsl_reset.o ./drivers/fsl_swm.o ./drivers/fsl_usart.o  ./device/system_LPC802.o  ./component/uart/miniusart_adapter.o  ./board/boards/board.o ./board/boards/clock_config.o ./board/boards/peripherals.o ./board/boards/pin_mux.o  ./utilities/fsl_debug_console.d  ./startup/startup_lpc802.d  ./source/Lab\ G.d  ./drivers/fsl_clock.d ./drivers/fsl_common.d ./drivers/fsl_gpio.d ./drivers/fsl_power.d ./drivers/fsl_reset.d ./drivers/fsl_swm.d ./drivers/fsl_usart.d  ./device/system_LPC802.d  ./component/uart/miniusart_adapter.d  ./board/boards/board.d ./board/boards/clock_config.d ./board/boards/peripherals.d ./board/boards/pin_mux.d  "Lab G - part1_one_shot.axf"
 
12:47:23 **** Build of configuration Debug for project Lab G - part2_duty_cycle ****
make -r -j12 all 
Building file: ../utilities/fsl_debug_console.c
Building file: ../startup/startup_lpc802.c
Building file: ../source/Lab G.c
Building file: ../drivers/fsl_clock.c
Invoking: MCU C Compiler
Invoking: MCU C Compiler
arm-none-eabi-gcc -D__REDLIB__ -DCPU_LPC802M001JDH20 -DCPU_LPC802M001JDH20_cm0plus -DFSL_RTOS_BM -DSDK_OS_BAREMETAL -DSDK_DEBUGCONSOLE=0 -DCR_INTEGER_PRINTF -DPRINTF_FLOAT_ENABLE=0 -D__MCUXPRESSO -D__USE_CMSIS -DDEBUG -I../board -I../source -I../ -I../drivers -I../device -I../CMSIS -I../component/uart -I../utilities -I../board/boards -O0 -fno-common -g3 -Wall -c -ffunction-sections -fdata-sections -ffreestanding -fno-builtin -mcpu=cortex-m0plus -mthumb -D__REDLIB__ -fstack-usage -specs=redlib.specs -MMD -MP -MF"utilities/fsl_debug_console.d" -MT"utilities/fsl_debug_console.o" -MT"utilities/fsl_debug_console.d" -o "utilities/fsl_debug_console.o" "../utilities/fsl_debug_console.c"
Invoking: MCU C Compiler
arm-none-eabi-gcc -D__REDLIB__ -DCPU_LPC802M001JDH20 -DCPU_LPC802M001JDH20_cm0plus -DFSL_RTOS_BM -DSDK_OS_BAREMETAL -DSDK_DEBUGCONSOLE=0 -DCR_INTEGER_PRINTF -DPRINTF_FLOAT_ENABLE=0 -D__MCUXPRESSO -D__USE_CMSIS -DDEBUG -I../board -I../source -I../ -I../drivers -I../device -I../CMSIS -I../component/uart -I../utilities -I../board/boards -O0 -fno-common -g3 -Wall -c -ffunction-sections -fdata-sections -ffreestanding -fno-builtin -mcpu=cortex-m0plus -mthumb -D__REDLIB__ -fstack-usage -specs=redlib.specs -MMD -MP -MF"startup/startup_lpc802.d" -MT"startup/startup_lpc802.o" -MT"startup/startup_lpc802.d" -o "startup/startup_lpc802.o" "../startup/startup_lpc802.c"
Building file: ../drivers/fsl_common.c
Invoking: MCU C Compiler
arm-none-eabi-gcc -D__REDLIB__ -DCPU_LPC802M001JDH20 -DCPU_LPC802M001JDH20_cm0plus -DFSL_RTOS_BM -DSDK_OS_BAREMETAL -DSDK_DEBUGCONSOLE=0 -DCR_INTEGER_PRINTF -DPRINTF_FLOAT_ENABLE=0 -D__MCUXPRESSO -D__USE_CMSIS -DDEBUG -I../board -I../source -I../ -I../drivers -I../device -I../CMSIS -I../component/uart -I../utilities -I../board/boards -O0 -fno-common -g3 -Wall -c -ffunction-sections -fdata-sections -ffreestanding -fno-builtin -mcpu=cortex-m0plus -mthumb -D__REDLIB__ -fstack-usage -specs=redlib.specs -MMD -MP -MF"source/Lab G.d" -MT"source/Lab\ G.d" -o "source/Lab G.o" "../source/Lab G.c"
arm-none-eabi-gcc -D__REDLIB__ -DCPU_LPC802M001JDH20 -DCPU_LPC802M001JDH20_cm0plus -DFSL_RTOS_BM -DSDK_OS_BAREMETAL -DSDK_DEBUGCONSOLE=0 -DCR_INTEGER_PRINTF -DPRINTF_FLOAT_ENABLE=0 -D__MCUXPRESSO -D__USE_CMSIS -DDEBUG -I../board -I../source -I../ -I../drivers -I../device -I../CMSIS -I../component/uart -I../utilities -I../board/boards -O0 -fno-common -g3 -Wall -c -ffunction-sections -fdata-sections -ffreestanding -fno-builtin -mcpu=cortex-m0plus -mthumb -D__REDLIB__ -fstack-usage -specs=redlib.specs -MMD -MP -MF"drivers/fsl_clock.d" -MT"drivers/fsl_clock.o" -MT"drivers/fsl_clock.d" -o "drivers/fsl_clock.o" "../drivers/fsl_clock.c"
Invoking: MCU C Compiler
arm-none-eabi-gcc -D__REDLIB__ -DCPU_LPC802M001JDH20 -DCPU_LPC802M001JDH20_cm0plus -DFSL_RTOS_BM -DSDK_OS_BAREMETAL -DSDK_DEBUGCONSOLE=0 -DCR_INTEGER_PRINTF -DPRINTF_FLOAT_ENABLE=0 -D__MCUXPRESSO -D__USE_CMSIS -DDEBUG -I../board -I../source -I../ -I../drivers -I../device -I../CMSIS -I../component/uart -I../utilities -I../board/boards -O0 -fno-common -g3 -Wall -c -ffunction-sections -fdata-sections -ffreestanding -fno-builtin -mcpu=cortex-m0plus -mthumb -D__REDLIB__ -fstack-usage -specs=redlib.specs -MMD -MP -MF"drivers/fsl_common.d" -MT"drivers/fsl_common.o" -MT"drivers/fsl_common.d" -o "drivers/fsl_common.o" "../drivers/fsl_common.c"
Building file: ../drivers/fsl_gpio.c
Building file: ../drivers/fsl_power.c
Building file: ../drivers/fsl_reset.c
Invoking: MCU C Compiler
arm-none-eabi-gcc -D__REDLIB__ -DCPU_LPC802M001JDH20 -DCPU_LPC802M001JDH20_cm0plus -DFSL_RTOS_BM -DSDK_OS_BAREMETAL -DSDK_DEBUGCONSOLE=0 -DCR_INTEGER_PRINTF -DPRINTF_FLOAT_ENABLE=0 -D__MCUXPRESSO -D__USE_CMSIS -DDEBUG -I../board -I../source -I../ -I../drivers -I../device -I../CMSIS -I../component/uart -I../utilities -I../board/boards -O0 -fno-common -g3 -Wall -c -ffunction-sections -fdata-sections -ffreestanding -fno-builtin -mcpu=cortex-m0plus -mthumb -D__REDLIB__ -fstack-usage -specs=redlib.specs -MMD -MP -MF"drivers/fsl_gpio.d" -MT"drivers/fsl_gpio.o" -MT"drivers/fsl_gpio.d" -o "drivers/fsl_gpio.o" "../drivers/fsl_gpio.c"
Invoking: MCU C Compiler
Building file: ../drivers/fsl_swm.c
arm-none-eabi-gcc -D__REDLIB__ -DCPU_LPC802M001JDH20 -DCPU_LPC802M001JDH20_cm0plus -DFSL_RTOS_BM -DSDK_OS_BAREMETAL -DSDK_DEBUGCONSOLE=0 -DCR_INTEGER_PRINTF -DPRINTF_FLOAT_ENABLE=0 -D__MCUXPRESSO -D__USE_CMSIS -DDEBUG -I../board -I../source -I../ -I../drivers -I../device -I../CMSIS -I../component/uart -I../utilities -I../board/boards -O0 -fno-common -g3 -Wall -c -ffunction-sections -fdata-sections -ffreestanding -fno-builtin -mcpu=cortex-m0plus -mthumb -D__REDLIB__ -fstack-usage -specs=redlib.specs -MMD -MP -MF"drivers/fsl_power.d" -MT"drivers/fsl_power.o" -MT"drivers/fsl_power.d" -o "drivers/fsl_power.o" "../drivers/fsl_power.c"
Invoking: MCU C Compiler
arm-none-eabi-gcc -D__REDLIB__ -DCPU_LPC802M001JDH20 -DCPU_LPC802M001JDH20_cm0plus -DFSL_RTOS_BM -DSDK_OS_BAREMETAL -DSDK_DEBUGCONSOLE=0 -DCR_INTEGER_PRINTF -DPRINTF_FLOAT_ENABLE=0 -D__MCUXPRESSO -D__USE_CMSIS -DDEBUG -I../board -I../source -I../ -I../drivers -I../device -I../CMSIS -I../component/uart -I../utilities -I../board/boards -O0 -fno-common -g3 -Wall -c -ffunction-sections -fdata-sections -ffreestanding -fno-builtin -mcpu=cortex-m0plus -mthumb -D__REDLIB__ -fstack-usage -specs=redlib.specs -MMD -MP -MF"drivers/fsl_reset.d" -MT"drivers/fsl_reset.o" -MT"drivers/fsl_reset.d" -o "drivers/fsl_reset.o" "../drivers/fsl_reset.c"
Invoking: MCU C Compiler
arm-none-eabi-gcc -D__REDLIB__ -DCPU_LPC802M001JDH20 -DCPU_LPC802M001JDH20_cm0plus -DFSL_RTOS_BM -DSDK_OS_BAREMETAL -DSDK_DEBUGCONSOLE=0 -DCR_INTEGER_PRINTF -DPRINTF_FLOAT_ENABLE=0 -D__MCUXPRESSO -D__USE_CMSIS -DDEBUG -I../board -I../source -I../ -I../drivers -I../device -I../CMSIS -I../component/uart -I../utilities -I../board/boards -O0 -fno-common -g3 -Wall -c -ffunction-sections -fdata-sections -ffreestanding -fno-builtin -mcpu=cortex-m0plus -mthumb -D__REDLIB__ -fstack-usage -specs=redlib.specs -MMD -MP -MF"drivers/fsl_swm.d" -MT"drivers/fsl_swm.o" -MT"drivers/fsl_swm.d" -o "drivers/fsl_swm.o" "../drivers/fsl_swm.c"
Building file: ../drivers/fsl_usart.c
Building file: ../device/system_LPC802.c
Building file: ../component/uart/miniusart_adapter.c
Invoking: MCU C Compiler
arm-none-eabi-gcc -D__REDLIB__ -DCPU_LPC802M001JDH20 -DCPU_LPC802M001JDH20_cm0plus -DFSL_RTOS_BM -DSDK_OS_BAREMETAL -DSDK_DEBUGCONSOLE=0 -DCR_INTEGER_PRINTF -DPRINTF_FLOAT_ENABLE=0 -D__MCUXPRESSO -D__USE_CMSIS -DDEBUG -I../board -I../source -I../ -I../drivers -I../device -I../CMSIS -I../component/uart -I../utilities -I../board/boards -O0 -fno-common -g3 -Wall -c -ffunction-sections -fdata-sections -ffreestanding -fno-builtin -mcpu=cortex-m0plus -mthumb -D__REDLIB__ -fstack-usage -specs=redlib.specs -MMD -MP -MF"drivers/fsl_usart.d" -MT"drivers/fsl_usart.o" -MT"drivers/fsl_usart.d" -o "drivers/fsl_usart.o" "../drivers/fsl_usart.c"
Invoking: MCU C Compiler
arm-none-eabi-gcc -D__REDLIB__ -DCPU_LPC802M001JDH20 -DCPU_LPC802M001JDH20_cm0plus -DFSL_RTOS_BM -DSDK_OS_BAREMETAL -DSDK_DEBUGCONSOLE=0 -DCR_INTEGER_PRINTF -DPRINTF_FLOAT_ENABLE=0 -D__MCUXPRESSO -D__USE_CMSIS -DDEBUG -I../board -I../source -I../ -I../drivers -I../device -I../CMSIS -I../component/uart -I../utilities -I../board/boards -O0 -fno-common -g3 -Wall -c -ffunction-sections -fdata-sections -ffreestanding -fno-builtin -mcpu=cortex-m0plus -mthumb -D__REDLIB__ -fstack-usage -specs=redlib.specs -MMD -MP -MF"device/system_LPC802.d" -MT"device/system_LPC802.o" -MT"device/system_LPC802.d" -o "device/system_LPC802.o" "../device/system_LPC802.c"
Invoking: MCU C Compiler
arm-none-eabi-gcc -D__REDLIB__ -DCPU_LPC802M001JDH20 -DCPU_LPC802M001JDH20_cm0plus -DFSL_RTOS_BM -DSDK_OS_BAREMETAL -DSDK_DEBUGCONSOLE=0 -DCR_INTEGER_PRINTF -DPRINTF_FLOAT_ENABLE=0 -D__MCUXPRESSO -D__USE_CMSIS -DDEBUG -I../board -I../source -I../ -I../drivers -I../device -I../CMSIS -I../component/uart -I../utilities -I../board/boards -O0 -fno-common -g3 -Wall -c -ffunction-sections -fdata-sections -ffreestanding -fno-builtin -mcpu=cortex-m0plus -mthumb -D__REDLIB__ -fstack-usage -specs=redlib.specs -MMD -MP -MF"component/uart/miniusart_adapter.d" -MT"component/uart/miniusart_adapter.o" -MT"component/uart/miniusart_adapter.d" -o "component/uart/miniusart_adapter.o" "../component/uart/miniusart_adapter.c"
Finished building: ../startup/startup_lpc802.c
Finished building: ../utilities/fsl_debug_console.c
 
 
Finished building: ../source/Lab G.c
Building file: ../board/boards/board.c
Building file: ../board/boards/clock_config.c
 
Invoking: MCU C Compiler
Invoking: MCU C Compiler
arm-none-eabi-gcc -D__REDLIB__ -DCPU_LPC802M001JDH20 -DCPU_LPC802M001JDH20_cm0plus -DFSL_RTOS_BM -DSDK_OS_BAREMETAL -DSDK_DEBUGCONSOLE=0 -DCR_INTEGER_PRINTF -DPRINTF_FLOAT_ENABLE=0 -D__MCUXPRESSO -D__USE_CMSIS -DDEBUG -I../board -I../source -I../ -I../drivers -I../device -I../CMSIS -I../component/uart -I../utilities -I../board/boards -O0 -fno-common -g3 -Wall -c -ffunction-sections -fdata-sections -ffreestanding -fno-builtin -mcpu=cortex-m0plus -mthumb -D__REDLIB__ -fstack-usage -specs=redlib.specs -MMD -MP -MF"board/boards/board.d" -MT"board/boards/board.o" -MT"board/boards/board.d" -o "board/boards/board.o" "../board/boards/board.c"
Finished building: ../drivers/fsl_clock.c
Finished building: ../drivers/fsl_common.c
arm-none-eabi-gcc -D__REDLIB__ -DCPU_LPC802M001JDH20 -DCPU_LPC802M001JDH20_cm0plus -DFSL_RTOS_BM -DSDK_OS_BAREMETAL -DSDK_DEBUGCONSOLE=0 -DCR_INTEGER_PRINTF -DPRINTF_FLOAT_ENABLE=0 -D__MCUXPRESSO -D__USE_CMSIS -DDEBUG -I../board -I../source -I../ -I../drivers -I../device -I../CMSIS -I../component/uart -I../utilities -I../board/boards -O0 -fno-common -g3 -Wall -c -ffunction-sections -fdata-sections -ffreestanding -fno-builtin -mcpu=cortex-m0plus -mthumb -D__REDLIB__ -fstack-usage -specs=redlib.specs -MMD -MP -MF"board/boards/clock_config.d" -MT"board/boards/clock_config.o" -MT"board/boards/clock_config.d" -o "board/boards/clock_config.o" "../board/boards/clock_config.c"
Finished building: ../drivers/fsl_gpio.c
Finished building: ../drivers/fsl_power.c
Finished building: ../drivers/fsl_reset.c
Finished building: ../drivers/fsl_swm.c
 
Finished building: ../device/system_LPC802.c
 
 
 
 
 
 
Finished building: ../component/uart/miniusart_adapter.c
Building file: ../board/boards/peripherals.c
Building file: ../board/boards/pin_mux.c
Finished building: ../drivers/fsl_usart.c
 
Invoking: MCU C Compiler
arm-none-eabi-gcc -D__REDLIB__ -DCPU_LPC802M001JDH20 -DCPU_LPC802M001JDH20_cm0plus -DFSL_RTOS_BM -DSDK_OS_BAREMETAL -DSDK_DEBUGCONSOLE=0 -DCR_INTEGER_PRINTF -DPRINTF_FLOAT_ENABLE=0 -D__MCUXPRESSO -D__USE_CMSIS -DDEBUG -I../board -I../source -I../ -I../drivers -I../device -I../CMSIS -I../component/uart -I../utilities -I../board/boards -O0 -fno-common -g3 -Wall -c -ffunction-sections -fdata-sections -ffreestanding -fno-builtin -mcpu=cortex-m0plus -mthumb -D__REDLIB__ -fstack-usage -specs=redlib.specs -MMD -MP -MF"board/boards/peripherals.d" -MT"board/boards/peripherals.o" -MT"board/boards/peripherals.d" -o "board/boards/peripherals.o" "../board/boards/peripherals.c"
Invoking: MCU C Compiler
arm-none-eabi-gcc -D__REDLIB__ -DCPU_LPC802M001JDH20 -DCPU_LPC802M001JDH20_cm0plus -DFSL_RTOS_BM -DSDK_OS_BAREMETAL -DSDK_DEBUGCONSOLE=0 -DCR_INTEGER_PRINTF -DPRINTF_FLOAT_ENABLE=0 -D__MCUXPRESSO -D__USE_CMSIS -DDEBUG -I../board -I../source -I../ -I../drivers -I../device -I../CMSIS -I../component/uart -I../utilities -I../board/boards -O0 -fno-common -g3 -Wall -c -ffunction-sections -fdata-sections -ffreestanding -fno-builtin -mcpu=cortex-m0plus -mthumb -D__REDLIB__ -fstack-usage -specs=redlib.specs -MMD -MP -MF"board/boards/pin_mux.d" -MT"board/boards/pin_mux.o" -MT"board/boards/pin_mux.d" -o "board/boards/pin_mux.o" "../board/boards/pin_mux.c"
 
Finished building: ../board/boards/board.c
 
Finished building: ../board/boards/clock_config.c
 
Finished building: ../board/boards/peripherals.c
 
Finished building: ../board/boards/pin_mux.c
 
Building target: Lab G - part1_one_shot.axf
Invoking: MCU Linker
arm-none-eabi-gcc -nostdlib -Xlinker -Map="Lab G - part1_one_shot.map" -Xlinker --gc-sections -Xlinker -print-memory-usage -Xlinker --sort-section=alignment -Xlinker --cref -mcpu=cortex-m0plus -mthumb -T "Lab_G_-_part1_one_shot_Debug.ld" -o "Lab G - part1_one_shot.axf"  ./utilities/fsl_debug_console.o  ./startup/startup_lpc802.o  ./source/Lab\ G.o  ./drivers/fsl_clock.o ./drivers/fsl_common.o ./drivers/fsl_gpio.o ./drivers/fsl_power.o ./drivers/fsl_reset.o ./drivers/fsl_swm.o ./drivers/fsl_usart.o  ./device/system_LPC802.o  ./component/uart/miniusart_adapter.o  ./board/boards/board.o ./board/boards/clock_config.o ./board/boards/peripherals.o ./board/boards/pin_mux.o   
Memory region         Used Size  Region Size  %age Used
   PROGRAM_FLASH:        4880 B      16256 B     30.02%
      BOOT_FLASH:          0 GB        128 B      0.00%
            SRAM:         480 B         2 KB     23.44%
Finished building target: Lab G - part1_one_shot.axf
 
C:/nxp/MCUXpressoIDE_11.0.1_2563/ide/plugins/com.nxp.mcuxpresso.tools.win32_11.0.1.201907311258/buildtools/bin/make --no-print-directory post-build
Performing post-build steps
arm-none-eabi-size "Lab G - part1_one_shot.axf"; # arm-none-eabi-objcopy -v -O binary "Lab G - part1_one_shot.axf" "Lab G - part1_one_shot.bin" ; # checksum -p LPC802 -d "Lab G - part1_one_shot.bin";
   text	   data	    bss	    dec	    hex	filename
   4868	     12	    468	   5348	   14e4	Lab G - part1_one_shot.axf
 
12:47:25 **** Incremental Build of configuration Debug for project Lab G - part2_duty_cycle ****
make -r -j12 all 
Building target: Lab G - part2_duty_cycle.axf
Invoking: MCU Linker
arm-none-eabi-gcc -nostdlib -Xlinker -Map="Lab G - part2_duty_cycle.map" -Xlinker --gc-sections -Xlinker -print-memory-usage -Xlinker --sort-section=alignment -Xlinker --cref -mcpu=cortex-m0plus -mthumb -T "Lab_G_-_part1_one_shot_Debug.ld" -o "Lab G - part2_duty_cycle.axf"  ./utilities/fsl_debug_console.o  ./startup/startup_lpc802.o  ./source/Lab\ G.o  ./drivers/fsl_clock.o ./drivers/fsl_common.o ./drivers/fsl_gpio.o ./drivers/fsl_power.o ./drivers/fsl_reset.o ./drivers/fsl_swm.o ./drivers/fsl_usart.o  ./device/system_LPC802.o  ./component/uart/miniusart_adapter.o  ./board/boards/board.o ./board/boards/clock_config.o ./board/boards/peripherals.o ./board/boards/pin_mux.o   
Memory region         Used Size  Region Size  %age Used
   PROGRAM_FLASH:        4880 B      16256 B     30.02%
      BOOT_FLASH:          0 GB        128 B      0.00%
            SRAM:         480 B         2 KB     23.44%
Finished building target: Lab G - part2_duty_cycle.axf
 
C:/nxp/MCUXpressoIDE_11.0.1_2563/ide/plugins/com.nxp.mcuxpresso.tools.win32_11.0.1.201907311258/buildtools/bin/make --no-print-directory post-build
Performing post-build steps
arm-none-eabi-size "Lab G - part2_duty_cycle.axf"; # arm-none-eabi-objcopy -v -O binary "Lab G - part2_duty_cycle.axf" "Lab G - part2_duty_cycle.bin" ; # checksum -p LPC802 -d "Lab G - part2_duty_cycle.bin";
   text	   data	    bss	    dec	    hex	filename
   4868	     12	    468	   5348	   14e4	Lab G - part2_duty_cycle.axf
 
12:47:32 **** Clean-only build of configuration Debug for project Lab G - part2_duty_cycle ****
make -r -j12 clean 
rm -rf  ./utilities/fsl_debug_console.o  ./startup/startup_lpc802.o  ./source/Lab\ G.o  ./drivers/fsl_clock.o ./drivers/fsl_common.o ./drivers/fsl_gpio.o ./drivers/fsl_power.o ./drivers/fsl_reset.o ./drivers/fsl_swm.o ./drivers/fsl_usart.o  ./device/system_LPC802.o  ./component/uart/miniusart_adapter.o  ./board/boards/board.o ./board/boards/clock_config.o ./board/boards/peripherals.o ./board/boards/pin_mux.o  ./utilities/fsl_debug_console.d  ./startup/startup_lpc802.d  ./source/Lab\ G.d  ./drivers/fsl_clock.d ./drivers/fsl_common.d ./drivers/fsl_gpio.d ./drivers/fsl_power.d ./drivers/fsl_reset.d ./drivers/fsl_swm.d ./drivers/fsl_usart.d  ./device/system_LPC802.d  ./component/uart/miniusart_adapter.d  ./board/boards/board.d ./board/boards/clock_config.d ./board/boards/peripherals.d ./board/boards/pin_mux.d  "Lab G - part2_duty_cycle.axf"
 
12:47:32 **** Incremental Build of configuration Debug for project Lab G - part2_duty_cycle ****
make -r -j12 all 
Building file: ../utilities/fsl_debug_console.c
Building file: ../startup/startup_lpc802.c
Building file: ../source/Lab G.c
Building file: ../drivers/fsl_clock.c
Invoking: MCU C Compiler
Invoking: MCU C Compiler
arm-none-eabi-gcc -D__REDLIB__ -DCPU_LPC802M001JDH20 -DCPU_LPC802M001JDH20_cm0plus -DFSL_RTOS_BM -DSDK_OS_BAREMETAL -DSDK_DEBUGCONSOLE=0 -DCR_INTEGER_PRINTF -DPRINTF_FLOAT_ENABLE=0 -D__MCUXPRESSO -D__USE_CMSIS -DDEBUG -I../board -I../source -I../ -I../drivers -I../device -I../CMSIS -I../component/uart -I../utilities -I../board/boards -O0 -fno-common -g3 -Wall -c -ffunction-sections -fdata-sections -ffreestanding -fno-builtin -mcpu=cortex-m0plus -mthumb -D__REDLIB__ -fstack-usage -specs=redlib.specs -MMD -MP -MF"utilities/fsl_debug_console.d" -MT"utilities/fsl_debug_console.o" -MT"utilities/fsl_debug_console.d" -o "utilities/fsl_debug_console.o" "../utilities/fsl_debug_console.c"
Building file: ../drivers/fsl_common.c
arm-none-eabi-gcc -D__REDLIB__ -DCPU_LPC802M001JDH20 -DCPU_LPC802M001JDH20_cm0plus -DFSL_RTOS_BM -DSDK_OS_BAREMETAL -DSDK_DEBUGCONSOLE=0 -DCR_INTEGER_PRINTF -DPRINTF_FLOAT_ENABLE=0 -D__MCUXPRESSO -D__USE_CMSIS -DDEBUG -I../board -I../source -I../ -I../drivers -I../device -I../CMSIS -I../component/uart -I../utilities -I../board/boards -O0 -fno-common -g3 -Wall -c -ffunction-sections -fdata-sections -ffreestanding -fno-builtin -mcpu=cortex-m0plus -mthumb -D__REDLIB__ -fstack-usage -specs=redlib.specs -MMD -MP -MF"startup/startup_lpc802.d" -MT"startup/startup_lpc802.o" -MT"startup/startup_lpc802.d" -o "startup/startup_lpc802.o" "../startup/startup_lpc802.c"
Invoking: MCU C Compiler
Invoking: MCU C Compiler
arm-none-eabi-gcc -D__REDLIB__ -DCPU_LPC802M001JDH20 -DCPU_LPC802M001JDH20_cm0plus -DFSL_RTOS_BM -DSDK_OS_BAREMETAL -DSDK_DEBUGCONSOLE=0 -DCR_INTEGER_PRINTF -DPRINTF_FLOAT_ENABLE=0 -D__MCUXPRESSO -D__USE_CMSIS -DDEBUG -I../board -I../source -I../ -I../drivers -I../device -I../CMSIS -I../component/uart -I../utilities -I../board/boards -O0 -fno-common -g3 -Wall -c -ffunction-sections -fdata-sections -ffreestanding -fno-builtin -mcpu=cortex-m0plus -mthumb -D__REDLIB__ -fstack-usage -specs=redlib.specs -MMD -MP -MF"source/Lab G.d" -MT"source/Lab\ G.d" -o "source/Lab G.o" "../source/Lab G.c"
[...]
Invoking: MCU C Compiler
Invoking: MCU C Compiler
arm-none-eabi-gcc -D__REDLIB__ -DCPU_LPC802M001JDH20 -DCPU_LPC802M001JDH20_cm0plus -DFSL_RTOS_BM -DSDK_OS_BAREMETAL -DSDK_DEBUGCONSOLE=0 -DCR_INTEGER_PRINTF -DPRINTF_FLOAT_ENABLE=0 -D__MCUXPRESSO -D__USE_CMSIS -DDEBUG -I../board -I../source -I../ -I../drivers -I../device -I../CMSIS -I../component/uart -I../utilities -I../board/boards -O0 -fno-common -g3 -Wall -c -ffunction-sections -fdata-sections -ffreestanding -fno-builtin -mcpu=cortex-m0plus -mthumb -D__REDLIB__ -fstack-usage -specs=redlib.specs -MMD -MP -MF"utilities/fsl_debug_console.d" -MT"utilities/fsl_debug_console.o" -MT"utilities/fsl_debug_console.d" -o "utilities/fsl_debug_console.o" "../utilities/fsl_debug_console.c"
Building file: ../drivers/fsl_common.c
arm-none-eabi-gcc -D__REDLIB__ -DCPU_LPC802M001JDH20 -DCPU_LPC802M001JDH20_cm0plus -DFSL_RTOS_BM -DSDK_OS_BAREMETAL -DSDK_DEBUGCONSOLE=0 -DCR_INTEGER_PRINTF -DPRINTF_FLOAT_ENABLE=0 -D__MCUXPRESSO -D__USE_CMSIS -DDEBUG -I../board -I../source -I../ -I../drivers -I../device -I../CMSIS -I../component/uart -I../utilities -I../board/boards -O0 -fno-common -g3 -Wall -c -ffunction-sections -fdata-sections -ffreestanding -fno-builtin -mcpu=cortex-m0plus -mthumb -D__REDLIB__ -fstack-usage -specs=redlib.specs -MMD -MP -MF"startup/startup_lpc802.d" -MT"startup/startup_lpc802.o" -MT"startup/startup_lpc802.d" -o "startup/startup_lpc802.o" "../startup/startup_lpc802.c"
Invoking: MCU C Compiler
Invoking: MCU C Compiler
arm-none-eabi-gcc -D__REDLIB__ -DCPU_LPC802M001JDH20 -DCPU_LPC802M001JDH20_cm0plus -DFSL_RTOS_BM -DSDK_OS_BAREMETAL -DSDK_DEBUGCONSOLE=0 -DCR_INTEGER_PRINTF -DPRINTF_FLOAT_ENABLE=0 -D__MCUXPRESSO -D__USE_CMSIS -DDEBUG -I../board -I../source -I../ -I../drivers -I../device -I../CMSIS -I../component/uart -I../utilities -I../board/boards -O0 -fno-common -g3 -Wall -c -ffunction-sections -fdata-sections -ffreestanding -fno-builtin -mcpu=cortex-m0plus -mthumb -D__REDLIB__ -fstack-usage -specs=redlib.specs -MMD -MP -MF"source/Lab G.d" -MT"source/Lab\ G.d" -o "source/Lab G.o" "../source/Lab G.c"
arm-none-eabi-gcc -D__REDLIB__ -DCPU_LPC802M001JDH20 -DCPU_LPC802M001JDH20_cm0plus -DFSL_RTOS_BM -DSDK_OS_BAREMETAL -DSDK_DEBUGCONSOLE=0 -DCR_INTEGER_PRINTF -DPRINTF_FLOAT_ENABLE=0 -D__MCUXPRESSO -D__USE_CMSIS -DDEBUG -I../board -I../source -I../ -I../drivers -I../device -I../CMSIS -I../component/uart -I../utilities -I../board/boards -O0 -fno-common -g3 -Wall -c -ffunction-sections -fdata-sections -ffreestanding -fno-builtin -mcpu=cortex-m0plus -mthumb -D__REDLIB__ -fstack-usage -specs=redlib.specs -MMD -MP -MF"drivers/fsl_clock.d" -MT"drivers/fsl_clock.o" -MT"drivers/fsl_clock.d" -o "drivers/fsl_clock.o" "../drivers/fsl_clock.c"
Invoking: MCU C Compiler
arm-none-eabi-gcc -D__REDLIB__ -DCPU_LPC802M001JDH20 -DCPU_LPC802M001JDH20_cm0plus -DFSL_RTOS_BM -DSDK_OS_BAREMETAL -DSDK_DEBUGCONSOLE=0 -DCR_INTEGER_PRINTF -DPRINTF_FLOAT_ENABLE=0 -D__MCUXPRESSO -D__USE_CMSIS -DDEBUG -I../board -I../source -I../ -I../drivers -I../device -I../CMSIS -I../component/uart -I../utilities -I../board/boards -O0 -fno-common -g3 -Wall -c -ffunction-sections -fdata-sections -ffreestanding -fno-builtin -mcpu=cortex-m0plus -mthumb -D__REDLIB__ -fstack-usage -specs=redlib.specs -MMD -MP -MF"drivers/fsl_common.d" -MT"drivers/fsl_common.o" -MT"drivers/fsl_common.d" -o "drivers/fsl_common.o" "../drivers/fsl_common.c"
Building file: ../drivers/fsl_gpio.c
Building file: ../drivers/fsl_power.c
Building file: ../drivers/fsl_reset.c
Invoking: MCU C Compiler
Building file: ../drivers/fsl_swm.c
arm-none-eabi-gcc -D__REDLIB__ -DCPU_LPC802M001JDH20 -DCPU_LPC802M001JDH20_cm0plus -DFSL_RTOS_BM -DSDK_OS_BAREMETAL -DSDK_DEBUGCONSOLE=0 -DCR_INTEGER_PRINTF -DPRINTF_FLOAT_ENABLE=0 -D__MCUXPRESSO -D__USE_CMSIS -DDEBUG -I../board -I../source -I../ -I../drivers -I../device -I../CMSIS -I../component/uart -I../utilities -I../board/boards -O0 -fno-common -g3 -Wall -c -ffunction-sections -fdata-sections -ffreestanding -fno-builtin -mcpu=cortex-m0plus -mthumb -D__REDLIB__ -fstack-usage -specs=redlib.specs -MMD -MP -MF"drivers/fsl_gpio.d" -MT"drivers/fsl_gpio.o" -MT"drivers/fsl_gpio.d" -o "drivers/fsl_gpio.o" "../drivers/fsl_gpio.c"
Building file: ../drivers/fsl_usart.c
Invoking: MCU C Compiler
Invoking: MCU C Compiler
arm-none-eabi-gcc -D__REDLIB__ -DCPU_LPC802M001JDH20 -DCPU_LPC802M001JDH20_cm0plus -DFSL_RTOS_BM -DSDK_OS_BAREMETAL -DSDK_DEBUGCONSOLE=0 -DCR_INTEGER_PRINTF -DPRINTF_FLOAT_ENABLE=0 -D__MCUXPRESSO -D__USE_CMSIS -DDEBUG -I../board -I../source -I../ -I../drivers -I../device -I../CMSIS -I../component/uart -I../utilities -I../board/boards -O0 -fno-common -g3 -Wall -c -ffunction-sections -fdata-sections -ffreestanding -fno-builtin -mcpu=cortex-m0plus -mthumb -D__REDLIB__ -fstack-usage -specs=redlib.specs -MMD -MP -MF"drivers/fsl_power.d" -MT"drivers/fsl_power.o" -MT"drivers/fsl_power.d" -o "drivers/fsl_power.o" "../drivers/fsl_power.c"
Invoking: MCU C Compiler
arm-none-eabi-gcc -D__REDLIB__ -DCPU_LPC802M001JDH20 -DCPU_LPC802M001JDH20_cm0plus -DFSL_RTOS_BM -DSDK_OS_BAREMETAL -DSDK_DEBUGCONSOLE=0 -DCR_INTEGER_PRINTF -DPRINTF_FLOAT_ENABLE=0 -D__MCUXPRESSO -D__USE_CMSIS -DDEBUG -I../board -I../source -I../ -I../drivers -I../device -I../CMSIS -I../component/uart -I../utilities -I../board/boards -O0 -fno-common -g3 -Wall -c -ffunction-sections -fdata-sections -ffreestanding -fno-builtin -mcpu=cortex-m0plus -mthumb -D__REDLIB__ -fstack-usage -specs=redlib.specs -MMD -MP -MF"drivers/fsl_reset.d" -MT"drivers/fsl_reset.o" -MT"drivers/fsl_reset.d" -o "drivers/fsl_reset.o" "../drivers/fsl_reset.c"
Invoking: MCU C Compiler
arm-none-eabi-gcc -D__REDLIB__ -DCPU_LPC802M001JDH20 -DCPU_LPC802M001JDH20_cm0plus -DFSL_RTOS_BM -DSDK_OS_BAREMETAL -DSDK_DEBUGCONSOLE=0 -DCR_INTEGER_PRINTF -DPRINTF_FLOAT_ENABLE=0 -D__MCUXPRESSO -D__USE_CMSIS -DDEBUG -I../board -I../source -I../ -I../drivers -I../device -I../CMSIS -I../component/uart -I../utilities -I../board/boards -O0 -fno-common -g3 -Wall -c -ffunction-sections -fdata-sections -ffreestanding -fno-builtin -mcpu=cortex-m0plus -mthumb -D__REDLIB__ -fstack-usage -specs=redlib.specs -MMD -MP -MF"drivers/fsl_swm.d" -MT"drivers/fsl_swm.o" -MT"drivers/fsl_swm.d" -o "drivers/fsl_swm.o" "../drivers/fsl_swm.c"
arm-none-eabi-gcc -D__REDLIB__ -DCPU_LPC802M001JDH20 -DCPU_LPC802M001JDH20_cm0plus -DFSL_RTOS_BM -DSDK_OS_BAREMETAL -DSDK_DEBUGCONSOLE=0 -DCR_INTEGER_PRINTF -DPRINTF_FLOAT_ENABLE=0 -D__MCUXPRESSO -D__USE_CMSIS -DDEBUG -I../board -I../source -I../ -I../drivers -I../device -I../CMSIS -I../component/uart -I../utilities -I../board/boards -O0 -fno-common -g3 -Wall -c -ffunction-sections -fdata-sections -ffreestanding -fno-builtin -mcpu=cortex-m0plus -mthumb -D__REDLIB__ -fstack-usage -specs=redlib.specs -MMD -MP -MF"drivers/fsl_usart.d" -MT"drivers/fsl_usart.o" -MT"drivers/fsl_usart.d" -o "drivers/fsl_usart.o" "../drivers/fsl_usart.c"
Building file: ../device/system_LPC802.c
Building file: ../component/uart/miniusart_adapter.c
Invoking: MCU C Compiler
arm-none-eabi-gcc -D__REDLIB__ -DCPU_LPC802M001JDH20 -DCPU_LPC802M001JDH20_cm0plus -DFSL_RTOS_BM -DSDK_OS_BAREMETAL -DSDK_DEBUGCONSOLE=0 -DCR_INTEGER_PRINTF -DPRINTF_FLOAT_ENABLE=0 -D__MCUXPRESSO -D__USE_CMSIS -DDEBUG -I../board -I../source -I../ -I../drivers -I../device -I../CMSIS -I../component/uart -I../utilities -I../board/boards -O0 -fno-common -g3 -Wall -c -ffunction-sections -fdata-sections -ffreestanding -fno-builtin -mcpu=cortex-m0plus -mthumb -D__REDLIB__ -fstack-usage -specs=redlib.specs -MMD -MP -MF"device/system_LPC802.d" -MT"device/system_LPC802.o" -MT"device/system_LPC802.d" -o "device/system_LPC802.o" "../device/system_LPC802.c"
Invoking: MCU C Compiler
arm-none-eabi-gcc -D__REDLIB__ -DCPU_LPC802M001JDH20 -DCPU_LPC802M001JDH20_cm0plus -DFSL_RTOS_BM -DSDK_OS_BAREMETAL -DSDK_DEBUGCONSOLE=0 -DCR_INTEGER_PRINTF -DPRINTF_FLOAT_ENABLE=0 -D__MCUXPRESSO -D__USE_CMSIS -DDEBUG -I../board -I../source -I../ -I../drivers -I../device -I../CMSIS -I../component/uart -I../utilities -I../board/boards -O0 -fno-common -g3 -Wall -c -ffunction-sections -fdata-sections -ffreestanding -fno-builtin -mcpu=cortex-m0plus -mthumb -D__REDLIB__ -fstack-usage -specs=redlib.specs -MMD -MP -MF"component/uart/miniusart_adapter.d" -MT"component/uart/miniusart_adapter.o" -MT"component/uart/miniusart_adapter.d" -o "component/uart/miniusart_adapter.o" "../component/uart/miniusart_adapter.c"
Finished building: ../startup/startup_lpc802.c
 
Finished building: ../utilities/fsl_debug_console.c
Finished building: ../source/Lab G.c
Building file: ../board/boards/board.c
Finished building: ../drivers/fsl_common.c
 
 
Invoking: MCU C Compiler
 
arm-none-eabi-gcc -D__REDLIB__ -DCPU_LPC802M001JDH20 -DCPU_LPC802M001JDH20_cm0plus -DFSL_RTOS_BM -DSDK_OS_BAREMETAL -DSDK_DEBUGCONSOLE=0 -DCR_INTEGER_PRINTF -DPRINTF_FLOAT_ENABLE=0 -D__MCUXPRESSO -D__USE_CMSIS -DDEBUG -I../board -I../source -I../ -I../drivers -I../device -I../CMSIS -I../component/uart -I../utilities -I../board/boards -O0 -fno-common -g3 -Wall -c -ffunction-sections -fdata-sections -ffreestanding -fno-builtin -mcpu=cortex-m0plus -mthumb -D__REDLIB__ -fstack-usage -specs=redlib.specs -MMD -MP -MF"board/boards/board.d" -MT"board/boards/board.o" -MT"board/boards/board.d" -o "board/boards/board.o" "../board/boards/board.c"
Finished building: ../drivers/fsl_clock.c
Building file: ../board/boards/clock_config.c
Building file: ../board/boards/peripherals.c
Finished building: ../drivers/fsl_gpio.c
 
Invoking: MCU C Compiler
arm-none-eabi-gcc -D__REDLIB__ -DCPU_LPC802M001JDH20 -DCPU_LPC802M001JDH20_cm0plus -DFSL_RTOS_BM -DSDK_OS_BAREMETAL -DSDK_DEBUGCONSOLE=0 -DCR_INTEGER_PRINTF -DPRINTF_FLOAT_ENABLE=0 -D__MCUXPRESSO -D__USE_CMSIS -DDEBUG -I../board -I../source -I../ -I../drivers -I../device -I../CMSIS -I../component/uart -I../utilities -I../board/boards -O0 -fno-common -g3 -Wall -c -ffunction-sections -fdata-sections -ffreestanding -fno-builtin -mcpu=cortex-m0plus -mthumb -D__REDLIB__ -fstack-usage -specs=redlib.specs -MMD -MP -MF"board/boards/clock_config.d" -MT"board/boards/clock_config.o" -MT"board/boards/clock_config.d" -o "board/boards/clock_config.o" "../board/boards/clock_config.c"
Invoking: MCU C Compiler
Finished building: ../drivers/fsl_power.c
arm-none-eabi-gcc -D__REDLIB__ -DCPU_LPC802M001JDH20 -DCPU_LPC802M001JDH20_cm0plus -DFSL_RTOS_BM -DSDK_OS_BAREMETAL -DSDK_DEBUGCONSOLE=0 -DCR_INTEGER_PRINTF -DPRINTF_FLOAT_ENABLE=0 -D__MCUXPRESSO -D__USE_CMSIS -DDEBUG -I../board -I../source -I../ -I../drivers -I../device -I../CMSIS -I../component/uart -I../utilities -I../board/boards -O0 -fno-common -g3 -Wall -c -ffunction-sections -fdata-sections -ffreestanding -fno-builtin -mcpu=cortex-m0plus -mthumb -D__REDLIB__ -fstack-usage -specs=redlib.specs -MMD -MP -MF"board/boards/peripherals.d" -MT"board/boards/peripherals.o" -MT"board/boards/peripherals.d" -o "board/boards/peripherals.o" "../board/boards/peripherals.c"
 
 
Building file: ../board/boards/pin_mux.c
Invoking: MCU C Compiler
arm-none-eabi-gcc -D__REDLIB__ -DCPU_LPC802M001JDH20 -DCPU_LPC802M001JDH20_cm0plus -DFSL_RTOS_BM -DSDK_OS_BAREMETAL -DSDK_DEBUGCONSOLE=0 -DCR_INTEGER_PRINTF -DPRINTF_FLOAT_ENABLE=0 -D__MCUXPRESSO -D__USE_CMSIS -DDEBUG -I../board -I../source -I../ -I../drivers -I../device -I../CMSIS -I../component/uart -I../utilities -I../board/boards -O0 -fno-common -g3 -Wall -c -ffunction-sections -fdata-sections -ffreestanding -fno-builtin -mcpu=cortex-m0plus -mthumb -D__REDLIB__ -fstack-usage -specs=redlib.specs -MMD -MP -MF"board/boards/pin_mux.d" -MT"board/boards/pin_mux.o" -MT"board/boards/pin_mux.d" -o "board/boards/pin_mux.o" "../board/boards/pin_mux.c"
Finished building: ../device/system_LPC802.c
 
Finished building: ../component/uart/miniusart_adapter.c
 
Finished building: ../drivers/fsl_usart.c
 
Finished building: ../drivers/fsl_reset.c
Finished building: ../drivers/fsl_swm.c
 
 
Finished building: ../board/boards/peripherals.c
Finished building: ../board/boards/board.c
 
 
Finished building: ../board/boards/clock_config.c
 
Finished building: ../board/boards/pin_mux.c
 
Building target: Lab G - part1_one_shot.axf
Invoking: MCU Linker
arm-none-eabi-gcc -nostdlib -Xlinker -Map="Lab G - part1_one_shot.map" -Xlinker --gc-sections -Xlinker -print-memory-usage -Xlinker --sort-section=alignment -Xlinker --cref -mcpu=cortex-m0plus -mthumb -T "Lab_G_-_part1_one_shot_Debug.ld" -o "Lab G - part1_one_shot.axf"  ./utilities/fsl_debug_console.o  ./startup/startup_lpc802.o  ./source/Lab\ G.o  ./drivers/fsl_clock.o ./drivers/fsl_common.o ./drivers/fsl_gpio.o ./drivers/fsl_power.o ./drivers/fsl_reset.o ./drivers/fsl_swm.o ./drivers/fsl_usart.o  ./device/system_LPC802.o  ./component/uart/miniusart_adapter.o  ./board/boards/board.o ./board/boards/clock_config.o ./board/boards/peripherals.o ./board/boards/pin_mux.o   
Memory region         Used Size  Region Size  %age Used
   PROGRAM_FLASH:        4024 B      16256 B     24.75%
      BOOT_FLASH:          0 GB        128 B      0.00%
            SRAM:         472 B         2 KB     23.05%
Finished building target: Lab G - part1_one_shot.axf
 
C:/nxp/MCUXpressoIDE_11.0.1_2563/ide/plugins/com.nxp.mcuxpresso.tools.win32_11.0.1.201907311258/buildtools/bin/make --no-print-directory post-build
Performing post-build steps
arm-none-eabi-size "Lab G - part1_one_shot.axf"; # arm-none-eabi-objcopy -v -O binary "Lab G - part1_one_shot.axf" "Lab G - part1_one_shot.bin" ; # checksum -p LPC802 -d "Lab G - part1_one_shot.bin";
   text	   data	    bss	    dec	    hex	filename
   4020	      4	    468	   4492	   118c	Lab G - part1_one_shot.axf
 
13:41:47 **** Incremental Build of configuration Debug for project Lab G - part1_one_shot ****
make -r -j12 all 
Building target: Lab G - part1_one_shot.axf
Invoking: MCU Linker
arm-none-eabi-gcc -nostdlib -Xlinker -Map="Lab G - part1_one_shot.map" -Xlinker --gc-sections -Xlinker -print-memory-usage -Xlinker --sort-section=alignment -Xlinker --cref -mcpu=cortex-m0plus -mthumb -T "Lab_G_-_part1_one_shot_Debug.ld" -o "Lab G - part1_one_shot.axf"  ./utilities/fsl_debug_console.o  ./startup/startup_lpc802.o  ./source/Lab\ G.o  ./drivers/fsl_clock.o ./drivers/fsl_common.o ./drivers/fsl_gpio.o ./drivers/fsl_power.o ./drivers/fsl_reset.o ./drivers/fsl_swm.o ./drivers/fsl_usart.o  ./device/system_LPC802.o  ./component/uart/miniusart_adapter.o  ./board/boards/board.o ./board/boards/clock_config.o ./board/boards/peripherals.o ./board/boards/pin_mux.o   
Memory region         Used Size  Region Size  %age Used
   PROGRAM_FLASH:        4024 B      16256 B     24.75%
      BOOT_FLASH:          0 GB        128 B      0.00%
            SRAM:         472 B         2 KB     23.05%
Finished building target: Lab G - part1_one_shot.axf
 
C:/nxp/MCUXpressoIDE_11.0.1_2563/ide/plugins/com.nxp.mcuxpresso.tools.win32_11.0.1.201907311258/buildtools/bin/make --no-print-directory post-build
Performing post-build steps
arm-none-eabi-size "Lab G - part1_one_shot.axf"; # arm-none-eabi-objcopy -v -O binary "Lab G - part1_one_shot.axf" "Lab G - part1_one_shot.bin" ; # checksum -p LPC802 -d "Lab G - part1_one_shot.bin";
   text	   data	    bss	    dec	    hex	filename
   4020	      4	    468	   4492	   118c	Lab G - part1_one_shot.axf
 
13:41:58 **** Incremental Build of configuration Debug for project Lab G - part1_one_shot ****
make -r -j12 all 
make: Nothing to be done for 'all'.
13:42:48 **** Incremental Build of configuration Debug for project Lab G - part1_one_shot ****
make -r -j12 all 
make: Nothing to be done for 'all'.
13:44:43 **** Incremental Build of configuration Debug for project Lab G - part3_one_dim_one_bright ****
make -r -j12 all 
Building target: Lab G - part3_one_dim_one_bright.axf
Invoking: MCU Linker
arm-none-eabi-gcc -nostdlib -Xlinker -Map="Lab G - part3_one_dim_one_bright.map" -Xlinker --gc-sections -Xlinker -print-memory-usage -Xlinker --sort-section=alignment -Xlinker --cref -mcpu=cortex-m0plus -mthumb -T "Lab_G_-_part2_duty_cycle_Debug.ld" -o "Lab G - part3_one_dim_one_bright.axf"  ./utilities/fsl_debug_console.o  ./startup/startup_lpc802.o  ./source/Lab\ G.o  ./drivers/fsl_clock.o ./drivers/fsl_common.o ./drivers/fsl_gpio.o ./drivers/fsl_power.o ./drivers/fsl_reset.o ./drivers/fsl_swm.o ./drivers/fsl_usart.o  ./device/system_LPC802.o  ./component/uart/miniusart_adapter.o  ./board/boards/board.o ./board/boards/clock_config.o ./board/boards/peripherals.o ./board/boards/pin_mux.o   
Memory region         Used Size  Region Size  %age Used
   PROGRAM_FLASH:        5060 B      16256 B     31.13%
      BOOT_FLASH:          0 GB        128 B      0.00%
            SRAM:         484 B         2 KB     23.63%
Finished building target: Lab G - part3_one_dim_one_bright.axf
 
C:/nxp/MCUXpressoIDE_11.0.1_2563/ide/plugins/com.nxp.mcuxpresso.tools.win32_11.0.1.201907311258/buildtools/bin/make --no-print-directory post-build
Performing post-build steps
arm-none-eabi-size "Lab G - part3_one_dim_one_bright.axf"; # arm-none-eabi-objcopy -v -O binary "Lab G - part3_one_dim_one_bright.axf" "Lab G - part3_one_dim_one_bright.bin" ; # checksum -p LPC802 -d "Lab G - part3_one_dim_one_bright.bin";
   text	   data	    bss	    dec	    hex	filename
   5044	     16	    468	   5528	   1598	Lab G - part3_one_dim_one_bright.axf
 
13:44:49 **** Incremental Build of configuration Debug for project Lab G - part3_one_dim_one_bright ****
make -r -j12 all 
make: Nothing to be done for 'all'.
13:46:28 **** Incremental Build of configuration Debug for project Lab G - part3_one_dim_one_bright ****
make -r -j12 all 
Building file: ../source/Lab G.c
Invoking: MCU C Compiler
arm-none-eabi-gcc -D__REDLIB__ -DCPU_LPC802M001JDH20 -DCPU_LPC802M001JDH20_cm0plus -DFSL_RTOS_BM -DSDK_OS_BAREMETAL -DSDK_DEBUGCONSOLE=0 -DCR_INTEGER_PRINTF -DPRINTF_FLOAT_ENABLE=0 -D__MCUXPRESSO -D__USE_CMSIS -DDEBUG -I../board -I../source -I../ -I../drivers -I../device -I../CMSIS -I../component/uart -I../utilities -I../board/boards -O0 -fno-common -g3 -Wall -c -ffunction-sections -fdata-sections -ffreestanding -fno-builtin -mcpu=cortex-m0plus -mthumb -D__REDLIB__ -fstack-usage -specs=redlib.specs -MMD -MP -MF"source/Lab G.d" -MT"source/Lab\ G.d" -o "source/Lab G.o" "../source/Lab G.c"
Finished building: ../source/Lab G.c
 
Building target: Lab G - part3_one_dim_one_bright.axf
Invoking: MCU Linker
arm-none-eabi-gcc -nostdlib -Xlinker -Map="Lab G - part3_one_dim_one_bright.map" -Xlinker --gc-sections -Xlinker -print-memory-usage -Xlinker --sort-section=alignment -Xlinker --cref -mcpu=cortex-m0plus -mthumb -T "Lab_G_-_part2_duty_cycle_Debug.ld" -o "Lab G - part3_one_dim_one_bright.axf"  ./utilities/fsl_debug_console.o  ./startup/startup_lpc802.o  ./source/Lab\ G.o  ./drivers/fsl_clock.o ./drivers/fsl_common.o ./drivers/fsl_gpio.o ./drivers/fsl_power.o ./drivers/fsl_reset.o ./drivers/fsl_swm.o ./drivers/fsl_usart.o  ./device/system_LPC802.o  ./component/uart/miniusart_adapter.o  ./board/boards/board.o ./board/boards/clock_config.o ./board/boards/peripherals.o ./board/boards/pin_mux.o   
Memory region         Used Size  Region Size  %age Used
   PROGRAM_FLASH:        5060 B      16256 B     31.13%
      BOOT_FLASH:          0 GB        128 B      0.00%
            SRAM:         484 B         2 KB     23.63%
Finished building target: Lab G - part3_one_dim_one_bright.axf
 
C:/nxp/MCUXpressoIDE_11.0.1_2563/ide/plugins/com.nxp.mcuxpresso.tools.win32_11.0.1.201907311258/buildtools/bin/make --no-print-directory post-build
Performing post-build steps
arm-none-eabi-size "Lab G - part3_one_dim_one_bright.axf"; # arm-none-eabi-objcopy -v -O binary "Lab G - part3_one_dim_one_bright.axf" "Lab G - part3_one_dim_one_bright.bin" ; # checksum -p LPC802 -d "Lab G - part3_one_dim_one_bright.bin";
   text	   data	    bss	    dec	    hex	filename
   5044	     16	    468	   5528	   1598	Lab G - part3_one_dim_one_bright.axf
 
13:46:36 **** Incremental Build of configuration Debug for project Lab G - part3_one_dim_one_bright ****
make -r -j12 all 
make: Nothing to be done for 'all'.
