11:48:02 **** Incremental Build of configuration Debug for project Lab G ****
make -r -j12 all 
Building file: ../source/Lab G.c
Invoking: MCU C Compiler
arm-none-eabi-gcc -D__REDLIB__ -DCPU_LPC802M001JDH20 -DCPU_LPC802M001JDH20_cm0plus -DFSL_RTOS_BM -DSDK_OS_BAREMETAL -DSDK_DEBUGCONSOLE=0 -DCR_INTEGER_PRINTF -DPRINTF_FLOAT_ENABLE=0 -D__MCUXPRESSO -D__USE_CMSIS -DDEBUG -I../board -I../source -I../ -I../drivers -I../device -I../CMSIS -I../component/uart -I../utilities -I../board/boards -O0 -fno-common -g3 -Wall -c -ffunction-sections -fdata-sections -ffreestanding -fno-builtin -mcpu=cortex-m0plus -mthumb -D__REDLIB__ -fstack-usage -specs=redlib.specs -MMD -MP -MF"source/Lab G.d" -MT"source/Lab\ G.d" -o "source/Lab G.o" "../source/Lab G.c"
Finished building: ../source/Lab G.c
 
Building target: Lab G.axf
Invoking: MCU Linker
arm-none-eabi-gcc -nostdlib -Xlinker -Map="Lab G.map" -Xlinker --gc-sections -Xlinker -print-memory-usage -Xlinker --sort-section=alignment -Xlinker --cref -mcpu=cortex-m0plus -mthumb -T Lab_G_Debug.ld -o "Lab G.axf"  ./utilities/fsl_debug_console.o  ./startup/startup_lpc802.o  ./source/Lab\ G.o  ./drivers/fsl_clock.o ./drivers/fsl_common.o ./drivers/fsl_gpio.o ./drivers/fsl_power.o ./drivers/fsl_reset.o ./drivers/fsl_swm.o ./drivers/fsl_usart.o  ./device/system_LPC802.o  ./component/uart/miniusart_adapter.o  ./board/boards/board.o ./board/boards/clock_config.o ./board/boards/peripherals.o ./board/boards/pin_mux.o   
Memory region         Used Size  Region Size  %age Used
   PROGRAM_FLASH:        4068 B      16256 B     25.02%
      BOOT_FLASH:          0 GB        128 B      0.00%
            SRAM:         472 B         2 KB     23.05%
Finished building target: Lab G.axf
 
C:/nxp/MCUXpressoIDE_11.0.1_2563/ide/plugins/com.nxp.mcuxpresso.tools.win32_11.0.1.201907311258/buildtools/bin/make --no-print-directory post-build
Performing post-build steps
arm-none-eabi-size "Lab G.axf"; # arm-none-eabi-objcopy -v -O binary "Lab G.axf" "Lab G.bin" ; # checksum -p LPC802 -d "Lab G.bin";
   text	   data	    bss	    dec	    hex	filename
   4064	      4	    468	   4536	   11b8	Lab G.axf
 

11:48:03 Build Finished. 0 errors, 0 warnings. (took 1s.78ms)

