14:56:26 **** Incremental Build of configuration Debug for project LPC802_Project_part3 ****
make -r -j12 all 
Building file: ../source/LPC802_Project_part3.c
Invoking: MCU C Compiler
arm-none-eabi-gcc -D__REDLIB__ -DCPU_LPC802M001JDH20 -DCPU_LPC802M001JDH20_cm0plus -DFSL_RTOS_BM -DSDK_OS_BAREMETAL -DSDK_DEBUGCONSOLE=0 -DCR_INTEGER_PRINTF -DPRINTF_FLOAT_ENABLE=0 -D__MCUXPRESSO -D__USE_CMSIS -DDEBUG -I../board -I../source -I../ -I../drivers -I../device -I../CMSIS -I../component/uart -I../utilities -I../board/boards -O0 -fno-common -g3 -Wall -c -ffunction-sections -fdata-sections -ffreestanding -fno-builtin -mcpu=cortex-m0plus -mthumb -D__REDLIB__ -fstack-usage -specs=redlib.specs -MMD -MP -MF"source/LPC802_Project_part3.d" -MT"source/LPC802_Project_part3.o" -MT"source/LPC802_Project_part3.d" -o "source/LPC802_Project_part3.o" "../source/LPC802_Project_part3.c"
Finished building: ../source/LPC802_Project_part3.c
 
Building target: LPC802_Project_part3.axf
Invoking: MCU Linker
arm-none-eabi-gcc -nostdlib -Xlinker -Map="LPC802_Project_part3.map" -Xlinker --gc-sections -Xlinker -print-memory-usage -Xlinker --sort-section=alignment -Xlinker --cref -mcpu=cortex-m0plus -mthumb -T LPC802_Project_part3_Debug.ld -o "LPC802_Project_part3.axf"  ./utilities/fsl_debug_console.o  ./startup/startup_lpc802.o  ./source/LPC802_Project_part3.o ./source/semihost_hardfault.o  ./drivers/fsl_clock.o ./drivers/fsl_common.o ./drivers/fsl_gpio.o ./drivers/fsl_power.o ./drivers/fsl_reset.o ./drivers/fsl_swm.o ./drivers/fsl_usart.o  ./device/system_LPC802.o  ./component/uart/miniusart_adapter.o  ./board/boards/board.o ./board/boards/clock_config.o ./board/boards/peripherals.o ./board/boards/pin_mux.o   
Memory region         Used Size  Region Size  %age Used
   PROGRAM_FLASH:        2260 B      16256 B     13.90%
      BOOT_FLASH:          0 GB        128 B      0.00%
            SRAM:         456 B         2 KB     22.27%
Finished building target: LPC802_Project_part3.axf
 
C:/nxp/MCUXpressoIDE_11.0.1_2563/ide/plugins/com.nxp.mcuxpresso.tools.win32_11.0.1.201907311258/buildtools/bin/make --no-print-directory post-build
Performing post-build steps
arm-none-eabi-size "LPC802_Project_part3.axf"; # arm-none-eabi-objcopy -v -O binary "LPC802_Project_part3.axf" "LPC802_Project_part3.bin" ; # checksum -p LPC802 -d "LPC802_Project_part3.bin";
   text	   data	    bss	    dec	    hex	filename
   2256	      4	    452	   2712	    a98	LPC802_Project_part3.axf
 
14:56:51 **** Build of configuration Debug for project LPC802_Project_part3 ****
make -r -j12 all 
make: Nothing to be done for 'all'.
14:56:52 **** Incremental Build of configuration Debug for project LPC802_Project_part3 ****
make -r -j12 all 
make: Nothing to be done for 'all'.
14:58:16 **** Incremental Build of configuration Debug for project LPC802_Project_part3 ****
make -r -j12 all 
make: Nothing to be done for 'all'.
14:58:39 **** Incremental Build of configuration Debug for project LPC802_Project_part3 ****
make -r -j12 all 
make: Nothing to be done for 'all'.
15:03:26 **** Incremental Build of configuration Debug for project LPC802_Project_part3 ****
make -r -j12 all 
make: Nothing to be done for 'all'.
